{"reattach":false,"start":0,"end":34,"ending":"cancel-null","passed":true}
{"reattach":false,"start":0,"end":34,"ending":"cancel-empty","passed":true}
{"reattach":false,"start":0,"end":34,"ending":"focus-loss","passed":true}
{"reattach":false,"start":0,"end":34,"ending":"commit-before-clear","passed":true}
{"reattach":false,"start":0,"end":34,"ending":"commit-after-clear","passed":true}
{"reattach":false,"start":3,"end":10,"ending":"cancel-null","passed":true}
{"reattach":false,"start":3,"end":10,"ending":"cancel-empty","passed":true}
{"reattach":false,"start":3,"end":10,"ending":"focus-loss","passed":true}
{"reattach":false,"start":3,"end":10,"ending":"commit-before-clear","passed":true}
{"reattach":false,"start":3,"end":10,"ending":"commit-after-clear","passed":true}
{"reattach":false,"start":10,"end":3,"ending":"cancel-null","passed":true}
{"reattach":false,"start":10,"end":3,"ending":"cancel-empty","passed":true}
{"reattach":false,"start":10,"end":3,"ending":"focus-loss","passed":true}
{"reattach":false,"start":10,"end":3,"ending":"commit-before-clear","passed":true}
{"reattach":false,"start":10,"end":3,"ending":"commit-after-clear","passed":true}
{"reattach":false,"start":2,"end":2,"ending":"cancel-null","passed":true}
{"reattach":false,"start":2,"end":2,"ending":"cancel-empty","passed":true}
{"reattach":false,"start":2,"end":2,"ending":"focus-loss","passed":true}
{"reattach":false,"start":2,"end":2,"ending":"commit-before-clear","passed":true}
{"reattach":false,"start":2,"end":2,"ending":"commit-after-clear","passed":true}
{"reattach":true,"start":0,"end":34,"ending":"cancel-null","passed":true}
{"reattach":true,"start":0,"end":34,"ending":"cancel-empty","passed":true}
{"reattach":true,"start":0,"end":34,"ending":"focus-loss","passed":true}
{"reattach":true,"start":0,"end":34,"ending":"commit-before-clear","passed":true}
{"reattach":true,"start":0,"end":34,"ending":"commit-after-clear","passed":true}
{"reattach":true,"start":3,"end":10,"ending":"cancel-null","passed":true}
{"reattach":true,"start":3,"end":10,"ending":"cancel-empty","passed":true}
{"reattach":true,"start":3,"end":10,"ending":"focus-loss","passed":true}
{"reattach":true,"start":3,"end":10,"ending":"commit-before-clear","passed":true}
{"reattach":true,"start":3,"end":10,"ending":"commit-after-clear","passed":true}
{"reattach":true,"start":10,"end":3,"ending":"cancel-null","passed":true}
{"reattach":true,"start":10,"end":3,"ending":"cancel-empty","passed":true}
{"reattach":true,"start":10,"end":3,"ending":"focus-loss","passed":true}
{"reattach":true,"start":10,"end":3,"ending":"commit-before-clear","passed":true}
{"reattach":true,"start":10,"end":3,"ending":"commit-after-clear","passed":true}
{"reattach":true,"start":2,"end":2,"ending":"cancel-null","passed":true}
{"reattach":true,"start":2,"end":2,"ending":"cancel-empty","passed":true}
{"reattach":true,"start":2,"end":2,"ending":"focus-loss","passed":true}
{"reattach":true,"start":2,"end":2,"ending":"commit-before-clear","passed":true}
{"reattach":true,"start":2,"end":2,"ending":"commit-after-clear","passed":true}
{"boundary":"TextBox IME client; native Windows retest still required","cases":40,"failed":0}
