{"suffix":" English","zoom":1,"flipped":false,"flippedY":false,"stretchX":1,"angle":0,"reverse":false,"selected":true,"replaced":true,"undone":true,"redone":true,"changed":1938,"selectedText":"\u6D4B\u8BD5","selectionStart":3,"selectionEnd":5}
{"suffix":" English","zoom":1,"flipped":false,"flippedY":false,"stretchX":1,"angle":0,"reverse":true,"selected":true,"replaced":true,"undone":true,"redone":true,"changed":1938,"selectedText":"\u6D4B\u8BD5","selectionStart":5,"selectionEnd":3}
{"suffix":" English","zoom":1,"flipped":false,"flippedY":false,"stretchX":1,"angle":13,"reverse":false,"selected":true,"replaced":true,"undone":true,"redone":true,"changed":2037,"selectedText":"\u6D4B\u8BD5","selectionStart":3,"selectionEnd":5}
{"suffix":" English","zoom":1,"flipped":false,"flippedY":false,"stretchX":1,"angle":13,"reverse":true,"selected":true,"replaced":true,"undone":true,"redone":true,"changed":2037,"selectedText":"\u6D4B\u8BD5","selectionStart":5,"selectionEnd":3}
{"suffix":" English","zoom":1,"flipped":false,"flippedY":false,"stretchX":0.75,"angle":0,"reverse":false,"selected":true,"replaced":true,"undone":true,"redone":true,"changed":1482,"selectedText":"\u6D4B\u8BD5","selectionStart":3,"selectionEnd":5}
{"suffix":" English","zoom":1,"flipped":false,"flippedY":false,"stretchX":0.75,"angle":0,"reverse":true,"selected":true,"replaced":true,"undone":true,"redone":true,"changed":1482,"selectedText":"\u6D4B\u8BD5","selectionStart":5,"selectionEnd":3}
{"suffix":" English","zoom":1,"flipped":false,"flippedY":false,"stretchX":0.75,"angle":13,"reverse":false,"selected":true,"replaced":true,"undone":true,"redone":true,"changed":1543,"selectedText":"\u6D4B\u8BD5","selectionStart":3,"selectionEnd":5}
{"suffix":" English","zoom":1,"flipped":false,"flippedY":false,"stretchX":0.75,"angle":13,"reverse":true,"selected":true,"replaced":true,"undone":true,"redone":true,"changed":1543,"selectedText":"\u6D4B\u8BD5","selectionStart":5,"selectionEnd":3}
{"suffix":" English","zoom":1,"flipped":false,"flippedY":true,"stretchX":1,"angle":0,"reverse":false,"selected":true,"replaced":true,"undone":true,"redone":true,"changed":1938,"selectedText":"\u6D4B\u8BD5","selectionStart":3,"selectionEnd":5}
{"suffix":" English","zoom":1,"flipped":false,"flippedY":true,"stretchX":1,"angle":0,"reverse":true,"selected":true,"replaced":true,"undone":true,"redone":true,"changed":1938,"selectedText":"\u6D4B\u8BD5","selectionStart":5,"selectionEnd":3}
{"suffix":" English","zoom":1,"flipped":false,"flippedY":true,"stretchX":1,"angle":13,"reverse":false,"selected":true,"replaced":true,"undone":true,"redone":true,"changed":2033,"selectedText":"\u6D4B\u8BD5","selectionStart":3,"selectionEnd":5}
{"suffix":" English","zoom":1,"flipped":false,"flippedY":true,"stretchX":1,"angle":13,"reverse":true,"selected":true,"replaced":true,"undone":true,"redone":true,"changed":2033,"selectedText":"\u6D4B\u8BD5","selectionStart":5,"selectionEnd":3}
{"suffix":" English","zoom":1,"flipped":false,"flippedY":true,"stretchX":0.75,"angle":0,"reverse":false,"selected":true,"replaced":true,"undone":true,"redone":true,"changed":1482,"selectedText":"\u6D4B\u8BD5","selectionStart":3,"selectionEnd":5}
{"suffix":" English","zoom":1,"flipped":false,"flippedY":true,"stretchX":0.75,"angle":0,"reverse":true,"selected":true,"replaced":true,"undone":true,"redone":true,"changed":1482,"selectedText":"\u6D4B\u8BD5","selectionStart":5,"selectionEnd":3}
{"suffix":" English","zoom":1,"flipped":false,"flippedY":true,"stretchX":0.75,"angle":13,"reverse":false,"selected":true,"replaced":true,"undone":true,"redone":true,"changed":1536,"selectedText":"\u6D4B\u8BD5","selectionStart":3,"selectionEnd":5}
{"suffix":" English","zoom":1,"flipped":false,"flippedY":true,"stretchX":0.75,"angle":13,"reverse":true,"selected":true,"replaced":true,"undone":true,"redone":true,"changed":1536,"selectedText":"\u6D4B\u8BD5","selectionStart":5,"selectionEnd":3}
{"suffix":" English","zoom":1,"flipped":true,"flippedY":false,"stretchX":1,"angle":0,"reverse":false,"selected":true,"replaced":true,"undone":true,"redone":true,"changed":1938,"selectedText":"\u6D4B\u8BD5","selectionStart":3,"selectionEnd":5}
{"suffix":" English","zoom":1,"flipped":true,"flippedY":false,"stretchX":1,"angle":0,"reverse":true,"selected":true,"replaced":true,"undone":true,"redone":true,"changed":1938,"selectedText":"\u6D4B\u8BD5","selectionStart":5,"selectionEnd":3}
{"suffix":" English","zoom":1,"flipped":true,"flippedY":false,"stretchX":1,"angle":13,"reverse":false,"selected":true,"replaced":true,"undone":true,"redone":true,"changed":2032,"selectedText":"\u6D4B\u8BD5","selectionStart":3,"selectionEnd":5}
{"suffix":" English","zoom":1,"flipped":true,"flippedY":false,"stretchX":1,"angle":13,"reverse":true,"selected":true,"replaced":true,"undone":true,"redone":true,"changed":2032,"selectedText":"\u6D4B\u8BD5","selectionStart":5,"selectionEnd":3}
{"suffix":" English","zoom":1,"flipped":true,"flippedY":false,"stretchX":0.75,"angle":0,"reverse":false,"selected":true,"replaced":true,"undone":true,"redone":true,"changed":1482,"selectedText":"\u6D4B\u8BD5","selectionStart":3,"selectionEnd":5}
{"suffix":" English","zoom":1,"flipped":true,"flippedY":false,"stretchX":0.75,"angle":0,"reverse":true,"selected":true,"replaced":true,"undone":true,"redone":true,"changed":1482,"selectedText":"\u6D4B\u8BD5","selectionStart":5,"selectionEnd":3}
{"suffix":" English","zoom":1,"flipped":true,"flippedY":false,"stretchX":0.75,"angle":13,"reverse":false,"selected":true,"replaced":true,"undone":true,"redone":true,"changed":1536,"selectedText":"\u6D4B\u8BD5","selectionStart":3,"selectionEnd":5}
{"suffix":" English","zoom":1,"flipped":true,"flippedY":false,"stretchX":0.75,"angle":13,"reverse":true,"selected":true,"replaced":true,"undone":true,"redone":true,"changed":1536,"selectedText":"\u6D4B\u8BD5","selectionStart":5,"selectionEnd":3}
{"suffix":" English","zoom":1,"flipped":true,"flippedY":true,"stretchX":1,"angle":0,"reverse":false,"selected":true,"replaced":true,"undone":true,"redone":true,"changed":1938,"selectedText":"\u6D4B\u8BD5","selectionStart":3,"selectionEnd":5}
{"suffix":" English","zoom":1,"flipped":true,"flippedY":true,"stretchX":1,"angle":0,"reverse":true,"selected":true,"replaced":true,"undone":true,"redone":true,"changed":1938,"selectedText":"\u6D4B\u8BD5","selectionStart":5,"selectionEnd":3}
{"suffix":" English","zoom":1,"flipped":true,"flippedY":true,"stretchX":1,"angle":13,"reverse":false,"selected":true,"replaced":true,"undone":true,"redone":true,"changed":2037,"selectedText":"\u6D4B\u8BD5","selectionStart":3,"selectionEnd":5}
{"suffix":" English","zoom":1,"flipped":true,"flippedY":true,"stretchX":1,"angle":13,"reverse":true,"selected":true,"replaced":true,"undone":true,"redone":true,"changed":2037,"selectedText":"\u6D4B\u8BD5","selectionStart":5,"selectionEnd":3}
{"suffix":" English","zoom":1,"flipped":true,"flippedY":true,"stretchX":0.75,"angle":0,"reverse":false,"selected":true,"replaced":true,"undone":true,"redone":true,"changed":1482,"selectedText":"\u6D4B\u8BD5","selectionStart":3,"selectionEnd":5}
{"suffix":" English","zoom":1,"flipped":true,"flippedY":true,"stretchX":0.75,"angle":0,"reverse":true,"selected":true,"replaced":true,"undone":true,"redone":true,"changed":1482,"selectedText":"\u6D4B\u8BD5","selectionStart":5,"selectionEnd":3}
{"suffix":" English","zoom":1,"flipped":true,"flippedY":true,"stretchX":0.75,"angle":13,"reverse":false,"selected":true,"replaced":true,"undone":true,"redone":true,"changed":1544,"selectedText":"\u6D4B\u8BD5","selectionStart":3,"selectionEnd":5}
{"suffix":" English","zoom":1,"flipped":true,"flippedY":true,"stretchX":0.75,"angle":13,"reverse":true,"selected":true,"replaced":true,"undone":true,"redone":true,"changed":1544,"selectedText":"\u6D4B\u8BD5","selectionStart":5,"selectionEnd":3}
{"suffix":" English","zoom":0.5,"flipped":false,"flippedY":false,"stretchX":1,"angle":0,"reverse":false,"selected":true,"replaced":true,"undone":true,"redone":true,"changed":494,"selectedText":"\u6D4B\u8BD5","selectionStart":3,"selectionEnd":5}
{"suffix":" English","zoom":0.5,"flipped":false,"flippedY":false,"stretchX":1,"angle":0,"reverse":true,"selected":true,"replaced":true,"undone":true,"redone":true,"changed":494,"selectedText":"\u6D4B\u8BD5","selectionStart":5,"selectionEnd":3}
{"suffix":" English","zoom":0.5,"flipped":false,"flippedY":false,"stretchX":1,"angle":13,"reverse":false,"selected":true,"replaced":true,"undone":true,"redone":true,"changed":536,"selectedText":"\u6D4B\u8BD5","selectionStart":3,"selectionEnd":5}
{"suffix":" English","zoom":0.5,"flipped":false,"flippedY":false,"stretchX":1,"angle":13,"reverse":true,"selected":true,"replaced":true,"undone":true,"redone":true,"changed":536,"selectedText":"\u6D4B\u8BD5","selectionStart":5,"selectionEnd":3}
{"suffix":" English","zoom":0.5,"flipped":false,"flippedY":false,"stretchX":0.75,"angle":0,"reverse":false,"selected":true,"replaced":true,"undone":true,"redone":true,"changed":380,"selectedText":"\u6D4B\u8BD5","selectionStart":3,"selectionEnd":5}
{"suffix":" English","zoom":0.5,"flipped":false,"flippedY":false,"stretchX":0.75,"angle":0,"reverse":true,"selected":true,"replaced":true,"undone":true,"redone":true,"changed":380,"selectedText":"\u6D4B\u8BD5","selectionStart":5,"selectionEnd":3}
{"suffix":" English","zoom":0.5,"flipped":false,"flippedY":false,"stretchX":0.75,"angle":13,"reverse":false,"selected":true,"replaced":true,"undone":true,"redone":true,"changed":409,"selectedText":"\u6D4B\u8BD5","selectionStart":3,"selectionEnd":5}
{"suffix":" English","zoom":0.5,"flipped":false,"flippedY":false,"stretchX":0.75,"angle":13,"reverse":true,"selected":true,"replaced":true,"undone":true,"redone":true,"changed":409,"selectedText":"\u6D4B\u8BD5","selectionStart":5,"selectionEnd":3}
{"suffix":" English","zoom":0.5,"flipped":false,"flippedY":true,"stretchX":1,"angle":0,"reverse":false,"selected":true,"replaced":true,"undone":true,"redone":true,"changed":494,"selectedText":"\u6D4B\u8BD5","selectionStart":3,"selectionEnd":5}
{"suffix":" English","zoom":0.5,"flipped":false,"flippedY":true,"stretchX":1,"angle":0,"reverse":true,"selected":true,"replaced":true,"undone":true,"redone":true,"changed":494,"selectedText":"\u6D4B\u8BD5","selectionStart":5,"selectionEnd":3}
{"suffix":" English","zoom":0.5,"flipped":false,"flippedY":true,"stretchX":1,"angle":13,"reverse":false,"selected":true,"replaced":true,"undone":true,"redone":true,"changed":539,"selectedText":"\u6D4B\u8BD5","selectionStart":3,"selectionEnd":5}
{"suffix":" English","zoom":0.5,"flipped":false,"flippedY":true,"stretchX":1,"angle":13,"reverse":true,"selected":true,"replaced":true,"undone":true,"redone":true,"changed":539,"selectedText":"\u6D4B\u8BD5","selectionStart":5,"selectionEnd":3}
{"suffix":" English","zoom":0.5,"flipped":false,"flippedY":true,"stretchX":0.75,"angle":0,"reverse":false,"selected":true,"replaced":true,"undone":true,"redone":true,"changed":380,"selectedText":"\u6D4B\u8BD5","selectionStart":3,"selectionEnd":5}
{"suffix":" English","zoom":0.5,"flipped":false,"flippedY":true,"stretchX":0.75,"angle":0,"reverse":true,"selected":true,"replaced":true,"undone":true,"redone":true,"changed":380,"selectedText":"\u6D4B\u8BD5","selectionStart":5,"selectionEnd":3}
{"suffix":" English","zoom":0.5,"flipped":false,"flippedY":true,"stretchX":0.75,"angle":13,"reverse":false,"selected":true,"replaced":true,"undone":true,"redone":true,"changed":405,"selectedText":"\u6D4B\u8BD5","selectionStart":3,"selectionEnd":5}
{"suffix":" English","zoom":0.5,"flipped":false,"flippedY":true,"stretchX":0.75,"angle":13,"reverse":true,"selected":true,"replaced":true,"undone":true,"redone":true,"changed":405,"selectedText":"\u6D4B\u8BD5","selectionStart":5,"selectionEnd":3}
{"suffix":" English","zoom":0.5,"flipped":true,"flippedY":false,"stretchX":1,"angle":0,"reverse":false,"selected":true,"replaced":true,"undone":true,"redone":true,"changed":494,"selectedText":"\u6D4B\u8BD5","selectionStart":3,"selectionEnd":5}
{"suffix":" English","zoom":0.5,"flipped":true,"flippedY":false,"stretchX":1,"angle":0,"reverse":true,"selected":true,"replaced":true,"undone":true,"redone":true,"changed":494,"selectedText":"\u6D4B\u8BD5","selectionStart":5,"selectionEnd":3}
{"suffix":" English","zoom":0.5,"flipped":true,"flippedY":false,"stretchX":1,"angle":13,"reverse":false,"selected":true,"replaced":true,"undone":true,"redone":true,"changed":538,"selectedText":"\u6D4B\u8BD5","selectionStart":3,"selectionEnd":5}
{"suffix":" English","zoom":0.5,"flipped":true,"flippedY":false,"stretchX":1,"angle":13,"reverse":true,"selected":true,"replaced":true,"undone":true,"redone":true,"changed":538,"selectedText":"\u6D4B\u8BD5","selectionStart":5,"selectionEnd":3}
{"suffix":" English","zoom":0.5,"flipped":true,"flippedY":false,"stretchX":0.75,"angle":0,"reverse":false,"selected":true,"replaced":true,"undone":true,"redone":true,"changed":380,"selectedText":"\u6D4B\u8BD5","selectionStart":3,"selectionEnd":5}
{"suffix":" English","zoom":0.5,"flipped":true,"flippedY":false,"stretchX":0.75,"angle":0,"reverse":true,"selected":true,"replaced":true,"undone":true,"redone":true,"changed":380,"selectedText":"\u6D4B\u8BD5","selectionStart":5,"selectionEnd":3}
{"suffix":" English","zoom":0.5,"flipped":true,"flippedY":false,"stretchX":0.75,"angle":13,"reverse":false,"selected":true,"replaced":true,"undone":true,"redone":true,"changed":405,"selectedText":"\u6D4B\u8BD5","selectionStart":3,"selectionEnd":5}
{"suffix":" English","zoom":0.5,"flipped":true,"flippedY":false,"stretchX":0.75,"angle":13,"reverse":true,"selected":true,"replaced":true,"undone":true,"redone":true,"changed":405,"selectedText":"\u6D4B\u8BD5","selectionStart":5,"selectionEnd":3}
{"suffix":" English","zoom":0.5,"flipped":true,"flippedY":true,"stretchX":1,"angle":0,"reverse":false,"selected":true,"replaced":true,"undone":true,"redone":true,"changed":494,"selectedText":"\u6D4B\u8BD5","selectionStart":3,"selectionEnd":5}
{"suffix":" English","zoom":0.5,"flipped":true,"flippedY":true,"stretchX":1,"angle":0,"reverse":true,"selected":true,"replaced":true,"undone":true,"redone":true,"changed":494,"selectedText":"\u6D4B\u8BD5","selectionStart":5,"selectionEnd":3}
{"suffix":" English","zoom":0.5,"flipped":true,"flippedY":true,"stretchX":1,"angle":13,"reverse":false,"selected":true,"replaced":true,"undone":true,"redone":true,"changed":535,"selectedText":"\u6D4B\u8BD5","selectionStart":3,"selectionEnd":5}
{"suffix":" English","zoom":0.5,"flipped":true,"flippedY":true,"stretchX":1,"angle":13,"reverse":true,"selected":true,"replaced":true,"undone":true,"redone":true,"changed":535,"selectedText":"\u6D4B\u8BD5","selectionStart":5,"selectionEnd":3}
{"suffix":" English","zoom":0.5,"flipped":true,"flippedY":true,"stretchX":0.75,"angle":0,"reverse":false,"selected":true,"replaced":true,"undone":true,"redone":true,"changed":380,"selectedText":"\u6D4B\u8BD5","selectionStart":3,"selectionEnd":5}
{"suffix":" English","zoom":0.5,"flipped":true,"flippedY":true,"stretchX":0.75,"angle":0,"reverse":true,"selected":true,"replaced":true,"undone":true,"redone":true,"changed":380,"selectedText":"\u6D4B\u8BD5","selectionStart":5,"selectionEnd":3}
{"suffix":" English","zoom":0.5,"flipped":true,"flippedY":true,"stretchX":0.75,"angle":13,"reverse":false,"selected":true,"replaced":true,"undone":true,"redone":true,"changed":408,"selectedText":"\u6D4B\u8BD5","selectionStart":3,"selectionEnd":5}
{"suffix":" English","zoom":0.5,"flipped":true,"flippedY":true,"stretchX":0.75,"angle":13,"reverse":true,"selected":true,"replaced":true,"undone":true,"redone":true,"changed":408,"selectedText":"\u6D4B\u8BD5","selectionStart":5,"selectionEnd":3}
{"suffix":" English","zoom":1.5,"flipped":false,"flippedY":false,"stretchX":1,"angle":0,"reverse":false,"selected":true,"replaced":true,"undone":true,"redone":true,"changed":4389,"selectedText":"\u6D4B\u8BD5","selectionStart":3,"selectionEnd":5}
{"suffix":" English","zoom":1.5,"flipped":false,"flippedY":false,"stretchX":1,"angle":0,"reverse":true,"selected":true,"replaced":true,"undone":true,"redone":true,"changed":4389,"selectedText":"\u6D4B\u8BD5","selectionStart":5,"selectionEnd":3}
{"suffix":" English","zoom":1.5,"flipped":false,"flippedY":false,"stretchX":1,"angle":13,"reverse":false,"selected":true,"replaced":true,"undone":true,"redone":true,"changed":4516,"selectedText":"\u6D4B\u8BD5","selectionStart":3,"selectionEnd":5}
{"suffix":" English","zoom":1.5,"flipped":false,"flippedY":false,"stretchX":1,"angle":13,"reverse":true,"selected":true,"replaced":true,"undone":true,"redone":true,"changed":4516,"selectedText":"\u6D4B\u8BD5","selectionStart":5,"selectionEnd":3}
{"suffix":" English","zoom":1.5,"flipped":false,"flippedY":false,"stretchX":0.75,"angle":0,"reverse":false,"selected":true,"replaced":true,"undone":true,"redone":true,"changed":3363,"selectedText":"\u6D4B\u8BD5","selectionStart":3,"selectionEnd":5}
{"suffix":" English","zoom":1.5,"flipped":false,"flippedY":false,"stretchX":0.75,"angle":0,"reverse":true,"selected":true,"replaced":true,"undone":true,"redone":true,"changed":3363,"selectedText":"\u6D4B\u8BD5","selectionStart":5,"selectionEnd":3}
{"suffix":" English","zoom":1.5,"flipped":false,"flippedY":false,"stretchX":0.75,"angle":13,"reverse":false,"selected":true,"replaced":true,"undone":true,"redone":true,"changed":3396,"selectedText":"\u6D4B\u8BD5","selectionStart":3,"selectionEnd":5}
{"suffix":" English","zoom":1.5,"flipped":false,"flippedY":false,"stretchX":0.75,"angle":13,"reverse":true,"selected":true,"replaced":true,"undone":true,"redone":true,"changed":3396,"selectedText":"\u6D4B\u8BD5","selectionStart":5,"selectionEnd":3}
{"suffix":" English","zoom":1.5,"flipped":false,"flippedY":true,"stretchX":1,"angle":0,"reverse":false,"selected":true,"replaced":true,"undone":true,"redone":true,"changed":4389,"selectedText":"\u6D4B\u8BD5","selectionStart":3,"selectionEnd":5}
{"suffix":" English","zoom":1.5,"flipped":false,"flippedY":true,"stretchX":1,"angle":0,"reverse":true,"selected":true,"replaced":true,"undone":true,"redone":true,"changed":4389,"selectedText":"\u6D4B\u8BD5","selectionStart":5,"selectionEnd":3}
{"suffix":" English","zoom":1.5,"flipped":false,"flippedY":true,"stretchX":1,"angle":13,"reverse":false,"selected":true,"replaced":true,"undone":true,"redone":true,"changed":4514,"selectedText":"\u6D4B\u8BD5","selectionStart":3,"selectionEnd":5}
{"suffix":" English","zoom":1.5,"flipped":false,"flippedY":true,"stretchX":1,"angle":13,"reverse":true,"selected":true,"replaced":true,"undone":true,"redone":true,"changed":4514,"selectedText":"\u6D4B\u8BD5","selectionStart":5,"selectionEnd":3}
{"suffix":" English","zoom":1.5,"flipped":false,"flippedY":true,"stretchX":0.75,"angle":0,"reverse":false,"selected":true,"replaced":true,"undone":true,"redone":true,"changed":3363,"selectedText":"\u6D4B\u8BD5","selectionStart":3,"selectionEnd":5}
{"suffix":" English","zoom":1.5,"flipped":false,"flippedY":true,"stretchX":0.75,"angle":0,"reverse":true,"selected":true,"replaced":true,"undone":true,"redone":true,"changed":3363,"selectedText":"\u6D4B\u8BD5","selectionStart":5,"selectionEnd":3}
{"suffix":" English","zoom":1.5,"flipped":false,"flippedY":true,"stretchX":0.75,"angle":13,"reverse":false,"selected":true,"replaced":true,"undone":true,"redone":true,"changed":3398,"selectedText":"\u6D4B\u8BD5","selectionStart":3,"selectionEnd":5}
{"suffix":" English","zoom":1.5,"flipped":false,"flippedY":true,"stretchX":0.75,"angle":13,"reverse":true,"selected":true,"replaced":true,"undone":true,"redone":true,"changed":3398,"selectedText":"\u6D4B\u8BD5","selectionStart":5,"selectionEnd":3}
{"suffix":" English","zoom":1.5,"flipped":true,"flippedY":false,"stretchX":1,"angle":0,"reverse":false,"selected":true,"replaced":true,"undone":true,"redone":true,"changed":4389,"selectedText":"\u6D4B\u8BD5","selectionStart":3,"selectionEnd":5}
{"suffix":" English","zoom":1.5,"flipped":true,"flippedY":false,"stretchX":1,"angle":0,"reverse":true,"selected":true,"replaced":true,"undone":true,"redone":true,"changed":4389,"selectedText":"\u6D4B\u8BD5","selectionStart":5,"selectionEnd":3}
{"suffix":" English","zoom":1.5,"flipped":true,"flippedY":false,"stretchX":1,"angle":13,"reverse":false,"selected":true,"replaced":true,"undone":true,"redone":true,"changed":4516,"selectedText":"\u6D4B\u8BD5","selectionStart":3,"selectionEnd":5}
{"suffix":" English","zoom":1.5,"flipped":true,"flippedY":false,"stretchX":1,"angle":13,"reverse":true,"selected":true,"replaced":true,"undone":true,"redone":true,"changed":4516,"selectedText":"\u6D4B\u8BD5","selectionStart":5,"selectionEnd":3}
{"suffix":" English","zoom":1.5,"flipped":true,"flippedY":false,"stretchX":0.75,"angle":0,"reverse":false,"selected":true,"replaced":true,"undone":true,"redone":true,"changed":3363,"selectedText":"\u6D4B\u8BD5","selectionStart":3,"selectionEnd":5}
{"suffix":" English","zoom":1.5,"flipped":true,"flippedY":false,"stretchX":0.75,"angle":0,"reverse":true,"selected":true,"replaced":true,"undone":true,"redone":true,"changed":3363,"selectedText":"\u6D4B\u8BD5","selectionStart":5,"selectionEnd":3}
{"suffix":" English","zoom":1.5,"flipped":true,"flippedY":false,"stretchX":0.75,"angle":13,"reverse":false,"selected":true,"replaced":true,"undone":true,"redone":true,"changed":3400,"selectedText":"\u6D4B\u8BD5","selectionStart":3,"selectionEnd":5}
{"suffix":" English","zoom":1.5,"flipped":true,"flippedY":false,"stretchX":0.75,"angle":13,"reverse":true,"selected":true,"replaced":true,"undone":true,"redone":true,"changed":3400,"selectedText":"\u6D4B\u8BD5","selectionStart":5,"selectionEnd":3}
{"suffix":" English","zoom":1.5,"flipped":true,"flippedY":true,"stretchX":1,"angle":0,"reverse":false,"selected":true,"replaced":true,"undone":true,"redone":true,"changed":4389,"selectedText":"\u6D4B\u8BD5","selectionStart":3,"selectionEnd":5}
{"suffix":" English","zoom":1.5,"flipped":true,"flippedY":true,"stretchX":1,"angle":0,"reverse":true,"selected":true,"replaced":true,"undone":true,"redone":true,"changed":4389,"selectedText":"\u6D4B\u8BD5","selectionStart":5,"selectionEnd":3}
{"suffix":" English","zoom":1.5,"flipped":true,"flippedY":true,"stretchX":1,"angle":13,"reverse":false,"selected":true,"replaced":true,"undone":true,"redone":true,"changed":4516,"selectedText":"\u6D4B\u8BD5","selectionStart":3,"selectionEnd":5}
{"suffix":" English","zoom":1.5,"flipped":true,"flippedY":true,"stretchX":1,"angle":13,"reverse":true,"selected":true,"replaced":true,"undone":true,"redone":true,"changed":4516,"selectedText":"\u6D4B\u8BD5","selectionStart":5,"selectionEnd":3}
{"suffix":" English","zoom":1.5,"flipped":true,"flippedY":true,"stretchX":0.75,"angle":0,"reverse":false,"selected":true,"replaced":true,"undone":true,"redone":true,"changed":3363,"selectedText":"\u6D4B\u8BD5","selectionStart":3,"selectionEnd":5}
{"suffix":" English","zoom":1.5,"flipped":true,"flippedY":true,"stretchX":0.75,"angle":0,"reverse":true,"selected":true,"replaced":true,"undone":true,"redone":true,"changed":3363,"selectedText":"\u6D4B\u8BD5","selectionStart":5,"selectionEnd":3}
{"suffix":" English","zoom":1.5,"flipped":true,"flippedY":true,"stretchX":0.75,"angle":13,"reverse":false,"selected":true,"replaced":true,"undone":true,"redone":true,"changed":3395,"selectedText":"\u6D4B\u8BD5","selectionStart":3,"selectionEnd":5}
{"suffix":" English","zoom":1.5,"flipped":true,"flippedY":true,"stretchX":0.75,"angle":13,"reverse":true,"selected":true,"replaced":true,"undone":true,"redone":true,"changed":3395,"selectedText":"\u6D4B\u8BD5","selectionStart":5,"selectionEnd":3}
{"suffix":"","zoom":1,"flipped":false,"flippedY":false,"stretchX":1,"angle":0,"reverse":false,"selected":true,"replaced":true,"undone":true,"redone":true,"changed":1938,"selectedText":"\u6D4B\u8BD5","selectionStart":3,"selectionEnd":5}
{"suffix":"","zoom":1,"flipped":false,"flippedY":false,"stretchX":1,"angle":0,"reverse":true,"selected":true,"replaced":true,"undone":true,"redone":true,"changed":1938,"selectedText":"\u6D4B\u8BD5","selectionStart":5,"selectionEnd":3}
{"suffix":"","zoom":1,"flipped":false,"flippedY":false,"stretchX":1,"angle":13,"reverse":false,"selected":true,"replaced":true,"undone":true,"redone":true,"changed":2037,"selectedText":"\u6D4B\u8BD5","selectionStart":3,"selectionEnd":5}
{"suffix":"","zoom":1,"flipped":false,"flippedY":false,"stretchX":1,"angle":13,"reverse":true,"selected":true,"replaced":true,"undone":true,"redone":true,"changed":2037,"selectedText":"\u6D4B\u8BD5","selectionStart":5,"selectionEnd":3}
{"suffix":"","zoom":1,"flipped":false,"flippedY":false,"stretchX":0.75,"angle":0,"reverse":false,"selected":true,"replaced":true,"undone":true,"redone":true,"changed":1482,"selectedText":"\u6D4B\u8BD5","selectionStart":3,"selectionEnd":5}
{"suffix":"","zoom":1,"flipped":false,"flippedY":false,"stretchX":0.75,"angle":0,"reverse":true,"selected":true,"replaced":true,"undone":true,"redone":true,"changed":1482,"selectedText":"\u6D4B\u8BD5","selectionStart":5,"selectionEnd":3}
{"suffix":"","zoom":1,"flipped":false,"flippedY":false,"stretchX":0.75,"angle":13,"reverse":false,"selected":true,"replaced":true,"undone":true,"redone":true,"changed":1543,"selectedText":"\u6D4B\u8BD5","selectionStart":3,"selectionEnd":5}
{"suffix":"","zoom":1,"flipped":false,"flippedY":false,"stretchX":0.75,"angle":13,"reverse":true,"selected":true,"replaced":true,"undone":true,"redone":true,"changed":1543,"selectedText":"\u6D4B\u8BD5","selectionStart":5,"selectionEnd":3}
{"suffix":"","zoom":1,"flipped":false,"flippedY":true,"stretchX":1,"angle":0,"reverse":false,"selected":true,"replaced":true,"undone":true,"redone":true,"changed":1938,"selectedText":"\u6D4B\u8BD5","selectionStart":3,"selectionEnd":5}
{"suffix":"","zoom":1,"flipped":false,"flippedY":true,"stretchX":1,"angle":0,"reverse":true,"selected":true,"replaced":true,"undone":true,"redone":true,"changed":1938,"selectedText":"\u6D4B\u8BD5","selectionStart":5,"selectionEnd":3}
{"suffix":"","zoom":1,"flipped":false,"flippedY":true,"stretchX":1,"angle":13,"reverse":false,"selected":true,"replaced":true,"undone":true,"redone":true,"changed":2033,"selectedText":"\u6D4B\u8BD5","selectionStart":3,"selectionEnd":5}
{"suffix":"","zoom":1,"flipped":false,"flippedY":true,"stretchX":1,"angle":13,"reverse":true,"selected":true,"replaced":true,"undone":true,"redone":true,"changed":2033,"selectedText":"\u6D4B\u8BD5","selectionStart":5,"selectionEnd":3}
{"suffix":"","zoom":1,"flipped":false,"flippedY":true,"stretchX":0.75,"angle":0,"reverse":false,"selected":true,"replaced":true,"undone":true,"redone":true,"changed":1482,"selectedText":"\u6D4B\u8BD5","selectionStart":3,"selectionEnd":5}
{"suffix":"","zoom":1,"flipped":false,"flippedY":true,"stretchX":0.75,"angle":0,"reverse":true,"selected":true,"replaced":true,"undone":true,"redone":true,"changed":1482,"selectedText":"\u6D4B\u8BD5","selectionStart":5,"selectionEnd":3}
{"suffix":"","zoom":1,"flipped":false,"flippedY":true,"stretchX":0.75,"angle":13,"reverse":false,"selected":true,"replaced":true,"undone":true,"redone":true,"changed":1536,"selectedText":"\u6D4B\u8BD5","selectionStart":3,"selectionEnd":5}
{"suffix":"","zoom":1,"flipped":false,"flippedY":true,"stretchX":0.75,"angle":13,"reverse":true,"selected":true,"replaced":true,"undone":true,"redone":true,"changed":1536,"selectedText":"\u6D4B\u8BD5","selectionStart":5,"selectionEnd":3}
{"suffix":"","zoom":1,"flipped":true,"flippedY":false,"stretchX":1,"angle":0,"reverse":false,"selected":true,"replaced":true,"undone":true,"redone":true,"changed":1938,"selectedText":"\u6D4B\u8BD5","selectionStart":3,"selectionEnd":5}
{"suffix":"","zoom":1,"flipped":true,"flippedY":false,"stretchX":1,"angle":0,"reverse":true,"selected":true,"replaced":true,"undone":true,"redone":true,"changed":1938,"selectedText":"\u6D4B\u8BD5","selectionStart":5,"selectionEnd":3}
{"suffix":"","zoom":1,"flipped":true,"flippedY":false,"stretchX":1,"angle":13,"reverse":false,"selected":true,"replaced":true,"undone":true,"redone":true,"changed":2032,"selectedText":"\u6D4B\u8BD5","selectionStart":3,"selectionEnd":5}
{"suffix":"","zoom":1,"flipped":true,"flippedY":false,"stretchX":1,"angle":13,"reverse":true,"selected":true,"replaced":true,"undone":true,"redone":true,"changed":2032,"selectedText":"\u6D4B\u8BD5","selectionStart":5,"selectionEnd":3}
{"suffix":"","zoom":1,"flipped":true,"flippedY":false,"stretchX":0.75,"angle":0,"reverse":false,"selected":true,"replaced":true,"undone":true,"redone":true,"changed":1482,"selectedText":"\u6D4B\u8BD5","selectionStart":3,"selectionEnd":5}
{"suffix":"","zoom":1,"flipped":true,"flippedY":false,"stretchX":0.75,"angle":0,"reverse":true,"selected":true,"replaced":true,"undone":true,"redone":true,"changed":1482,"selectedText":"\u6D4B\u8BD5","selectionStart":5,"selectionEnd":3}
{"suffix":"","zoom":1,"flipped":true,"flippedY":false,"stretchX":0.75,"angle":13,"reverse":false,"selected":true,"replaced":true,"undone":true,"redone":true,"changed":1536,"selectedText":"\u6D4B\u8BD5","selectionStart":3,"selectionEnd":5}
{"suffix":"","zoom":1,"flipped":true,"flippedY":false,"stretchX":0.75,"angle":13,"reverse":true,"selected":true,"replaced":true,"undone":true,"redone":true,"changed":1536,"selectedText":"\u6D4B\u8BD5","selectionStart":5,"selectionEnd":3}
{"suffix":"","zoom":1,"flipped":true,"flippedY":true,"stretchX":1,"angle":0,"reverse":false,"selected":true,"replaced":true,"undone":true,"redone":true,"changed":1938,"selectedText":"\u6D4B\u8BD5","selectionStart":3,"selectionEnd":5}
{"suffix":"","zoom":1,"flipped":true,"flippedY":true,"stretchX":1,"angle":0,"reverse":true,"selected":true,"replaced":true,"undone":true,"redone":true,"changed":1938,"selectedText":"\u6D4B\u8BD5","selectionStart":5,"selectionEnd":3}
{"suffix":"","zoom":1,"flipped":true,"flippedY":true,"stretchX":1,"angle":13,"reverse":false,"selected":true,"replaced":true,"undone":true,"redone":true,"changed":2037,"selectedText":"\u6D4B\u8BD5","selectionStart":3,"selectionEnd":5}
{"suffix":"","zoom":1,"flipped":true,"flippedY":true,"stretchX":1,"angle":13,"reverse":true,"selected":true,"replaced":true,"undone":true,"redone":true,"changed":2037,"selectedText":"\u6D4B\u8BD5","selectionStart":5,"selectionEnd":3}
{"suffix":"","zoom":1,"flipped":true,"flippedY":true,"stretchX":0.75,"angle":0,"reverse":false,"selected":true,"replaced":true,"undone":true,"redone":true,"changed":1482,"selectedText":"\u6D4B\u8BD5","selectionStart":3,"selectionEnd":5}
{"suffix":"","zoom":1,"flipped":true,"flippedY":true,"stretchX":0.75,"angle":0,"reverse":true,"selected":true,"replaced":true,"undone":true,"redone":true,"changed":1482,"selectedText":"\u6D4B\u8BD5","selectionStart":5,"selectionEnd":3}
{"suffix":"","zoom":1,"flipped":true,"flippedY":true,"stretchX":0.75,"angle":13,"reverse":false,"selected":true,"replaced":true,"undone":true,"redone":true,"changed":1544,"selectedText":"\u6D4B\u8BD5","selectionStart":3,"selectionEnd":5}
{"suffix":"","zoom":1,"flipped":true,"flippedY":true,"stretchX":0.75,"angle":13,"reverse":true,"selected":true,"replaced":true,"undone":true,"redone":true,"changed":1544,"selectedText":"\u6D4B\u8BD5","selectionStart":5,"selectionEnd":3}
{"suffix":"","zoom":0.5,"flipped":false,"flippedY":false,"stretchX":1,"angle":0,"reverse":false,"selected":true,"replaced":true,"undone":true,"redone":true,"changed":494,"selectedText":"\u6D4B\u8BD5","selectionStart":3,"selectionEnd":5}
{"suffix":"","zoom":0.5,"flipped":false,"flippedY":false,"stretchX":1,"angle":0,"reverse":true,"selected":true,"replaced":true,"undone":true,"redone":true,"changed":494,"selectedText":"\u6D4B\u8BD5","selectionStart":5,"selectionEnd":3}
{"suffix":"","zoom":0.5,"flipped":false,"flippedY":false,"stretchX":1,"angle":13,"reverse":false,"selected":true,"replaced":true,"undone":true,"redone":true,"changed":536,"selectedText":"\u6D4B\u8BD5","selectionStart":3,"selectionEnd":5}
{"suffix":"","zoom":0.5,"flipped":false,"flippedY":false,"stretchX":1,"angle":13,"reverse":true,"selected":true,"replaced":true,"undone":true,"redone":true,"changed":536,"selectedText":"\u6D4B\u8BD5","selectionStart":5,"selectionEnd":3}
{"suffix":"","zoom":0.5,"flipped":false,"flippedY":false,"stretchX":0.75,"angle":0,"reverse":false,"selected":true,"replaced":true,"undone":true,"redone":true,"changed":380,"selectedText":"\u6D4B\u8BD5","selectionStart":3,"selectionEnd":5}
{"suffix":"","zoom":0.5,"flipped":false,"flippedY":false,"stretchX":0.75,"angle":0,"reverse":true,"selected":true,"replaced":true,"undone":true,"redone":true,"changed":380,"selectedText":"\u6D4B\u8BD5","selectionStart":5,"selectionEnd":3}
{"suffix":"","zoom":0.5,"flipped":false,"flippedY":false,"stretchX":0.75,"angle":13,"reverse":false,"selected":true,"replaced":true,"undone":true,"redone":true,"changed":409,"selectedText":"\u6D4B\u8BD5","selectionStart":3,"selectionEnd":5}
{"suffix":"","zoom":0.5,"flipped":false,"flippedY":false,"stretchX":0.75,"angle":13,"reverse":true,"selected":true,"replaced":true,"undone":true,"redone":true,"changed":409,"selectedText":"\u6D4B\u8BD5","selectionStart":5,"selectionEnd":3}
{"suffix":"","zoom":0.5,"flipped":false,"flippedY":true,"stretchX":1,"angle":0,"reverse":false,"selected":true,"replaced":true,"undone":true,"redone":true,"changed":494,"selectedText":"\u6D4B\u8BD5","selectionStart":3,"selectionEnd":5}
{"suffix":"","zoom":0.5,"flipped":false,"flippedY":true,"stretchX":1,"angle":0,"reverse":true,"selected":true,"replaced":true,"undone":true,"redone":true,"changed":494,"selectedText":"\u6D4B\u8BD5","selectionStart":5,"selectionEnd":3}
{"suffix":"","zoom":0.5,"flipped":false,"flippedY":true,"stretchX":1,"angle":13,"reverse":false,"selected":true,"replaced":true,"undone":true,"redone":true,"changed":539,"selectedText":"\u6D4B\u8BD5","selectionStart":3,"selectionEnd":5}
{"suffix":"","zoom":0.5,"flipped":false,"flippedY":true,"stretchX":1,"angle":13,"reverse":true,"selected":true,"replaced":true,"undone":true,"redone":true,"changed":539,"selectedText":"\u6D4B\u8BD5","selectionStart":5,"selectionEnd":3}
{"suffix":"","zoom":0.5,"flipped":false,"flippedY":true,"stretchX":0.75,"angle":0,"reverse":false,"selected":true,"replaced":true,"undone":true,"redone":true,"changed":380,"selectedText":"\u6D4B\u8BD5","selectionStart":3,"selectionEnd":5}
{"suffix":"","zoom":0.5,"flipped":false,"flippedY":true,"stretchX":0.75,"angle":0,"reverse":true,"selected":true,"replaced":true,"undone":true,"redone":true,"changed":380,"selectedText":"\u6D4B\u8BD5","selectionStart":5,"selectionEnd":3}
{"suffix":"","zoom":0.5,"flipped":false,"flippedY":true,"stretchX":0.75,"angle":13,"reverse":false,"selected":true,"replaced":true,"undone":true,"redone":true,"changed":405,"selectedText":"\u6D4B\u8BD5","selectionStart":3,"selectionEnd":5}
{"suffix":"","zoom":0.5,"flipped":false,"flippedY":true,"stretchX":0.75,"angle":13,"reverse":true,"selected":true,"replaced":true,"undone":true,"redone":true,"changed":405,"selectedText":"\u6D4B\u8BD5","selectionStart":5,"selectionEnd":3}
{"suffix":"","zoom":0.5,"flipped":true,"flippedY":false,"stretchX":1,"angle":0,"reverse":false,"selected":true,"replaced":true,"undone":true,"redone":true,"changed":494,"selectedText":"\u6D4B\u8BD5","selectionStart":3,"selectionEnd":5}
{"suffix":"","zoom":0.5,"flipped":true,"flippedY":false,"stretchX":1,"angle":0,"reverse":true,"selected":true,"replaced":true,"undone":true,"redone":true,"changed":494,"selectedText":"\u6D4B\u8BD5","selectionStart":5,"selectionEnd":3}
{"suffix":"","zoom":0.5,"flipped":true,"flippedY":false,"stretchX":1,"angle":13,"reverse":false,"selected":true,"replaced":true,"undone":true,"redone":true,"changed":538,"selectedText":"\u6D4B\u8BD5","selectionStart":3,"selectionEnd":5}
{"suffix":"","zoom":0.5,"flipped":true,"flippedY":false,"stretchX":1,"angle":13,"reverse":true,"selected":true,"replaced":true,"undone":true,"redone":true,"changed":538,"selectedText":"\u6D4B\u8BD5","selectionStart":5,"selectionEnd":3}
{"suffix":"","zoom":0.5,"flipped":true,"flippedY":false,"stretchX":0.75,"angle":0,"reverse":false,"selected":true,"replaced":true,"undone":true,"redone":true,"changed":380,"selectedText":"\u6D4B\u8BD5","selectionStart":3,"selectionEnd":5}
{"suffix":"","zoom":0.5,"flipped":true,"flippedY":false,"stretchX":0.75,"angle":0,"reverse":true,"selected":true,"replaced":true,"undone":true,"redone":true,"changed":380,"selectedText":"\u6D4B\u8BD5","selectionStart":5,"selectionEnd":3}
{"suffix":"","zoom":0.5,"flipped":true,"flippedY":false,"stretchX":0.75,"angle":13,"reverse":false,"selected":true,"replaced":true,"undone":true,"redone":true,"changed":405,"selectedText":"\u6D4B\u8BD5","selectionStart":3,"selectionEnd":5}
{"suffix":"","zoom":0.5,"flipped":true,"flippedY":false,"stretchX":0.75,"angle":13,"reverse":true,"selected":true,"replaced":true,"undone":true,"redone":true,"changed":405,"selectedText":"\u6D4B\u8BD5","selectionStart":5,"selectionEnd":3}
{"suffix":"","zoom":0.5,"flipped":true,"flippedY":true,"stretchX":1,"angle":0,"reverse":false,"selected":true,"replaced":true,"undone":true,"redone":true,"changed":494,"selectedText":"\u6D4B\u8BD5","selectionStart":3,"selectionEnd":5}
{"suffix":"","zoom":0.5,"flipped":true,"flippedY":true,"stretchX":1,"angle":0,"reverse":true,"selected":true,"replaced":true,"undone":true,"redone":true,"changed":494,"selectedText":"\u6D4B\u8BD5","selectionStart":5,"selectionEnd":3}
{"suffix":"","zoom":0.5,"flipped":true,"flippedY":true,"stretchX":1,"angle":13,"reverse":false,"selected":true,"replaced":true,"undone":true,"redone":true,"changed":535,"selectedText":"\u6D4B\u8BD5","selectionStart":3,"selectionEnd":5}
{"suffix":"","zoom":0.5,"flipped":true,"flippedY":true,"stretchX":1,"angle":13,"reverse":true,"selected":true,"replaced":true,"undone":true,"redone":true,"changed":535,"selectedText":"\u6D4B\u8BD5","selectionStart":5,"selectionEnd":3}
{"suffix":"","zoom":0.5,"flipped":true,"flippedY":true,"stretchX":0.75,"angle":0,"reverse":false,"selected":true,"replaced":true,"undone":true,"redone":true,"changed":380,"selectedText":"\u6D4B\u8BD5","selectionStart":3,"selectionEnd":5}
{"suffix":"","zoom":0.5,"flipped":true,"flippedY":true,"stretchX":0.75,"angle":0,"reverse":true,"selected":true,"replaced":true,"undone":true,"redone":true,"changed":380,"selectedText":"\u6D4B\u8BD5","selectionStart":5,"selectionEnd":3}
{"suffix":"","zoom":0.5,"flipped":true,"flippedY":true,"stretchX":0.75,"angle":13,"reverse":false,"selected":true,"replaced":true,"undone":true,"redone":true,"changed":408,"selectedText":"\u6D4B\u8BD5","selectionStart":3,"selectionEnd":5}
{"suffix":"","zoom":0.5,"flipped":true,"flippedY":true,"stretchX":0.75,"angle":13,"reverse":true,"selected":true,"replaced":true,"undone":true,"redone":true,"changed":408,"selectedText":"\u6D4B\u8BD5","selectionStart":5,"selectionEnd":3}
{"suffix":"","zoom":1.5,"flipped":false,"flippedY":false,"stretchX":1,"angle":0,"reverse":false,"selected":true,"replaced":true,"undone":true,"redone":true,"changed":4389,"selectedText":"\u6D4B\u8BD5","selectionStart":3,"selectionEnd":5}
{"suffix":"","zoom":1.5,"flipped":false,"flippedY":false,"stretchX":1,"angle":0,"reverse":true,"selected":true,"replaced":true,"undone":true,"redone":true,"changed":4389,"selectedText":"\u6D4B\u8BD5","selectionStart":5,"selectionEnd":3}
{"suffix":"","zoom":1.5,"flipped":false,"flippedY":false,"stretchX":1,"angle":13,"reverse":false,"selected":true,"replaced":true,"undone":true,"redone":true,"changed":4516,"selectedText":"\u6D4B\u8BD5","selectionStart":3,"selectionEnd":5}
{"suffix":"","zoom":1.5,"flipped":false,"flippedY":false,"stretchX":1,"angle":13,"reverse":true,"selected":true,"replaced":true,"undone":true,"redone":true,"changed":4516,"selectedText":"\u6D4B\u8BD5","selectionStart":5,"selectionEnd":3}
{"suffix":"","zoom":1.5,"flipped":false,"flippedY":false,"stretchX":0.75,"angle":0,"reverse":false,"selected":true,"replaced":true,"undone":true,"redone":true,"changed":3363,"selectedText":"\u6D4B\u8BD5","selectionStart":3,"selectionEnd":5}
{"suffix":"","zoom":1.5,"flipped":false,"flippedY":false,"stretchX":0.75,"angle":0,"reverse":true,"selected":true,"replaced":true,"undone":true,"redone":true,"changed":3363,"selectedText":"\u6D4B\u8BD5","selectionStart":5,"selectionEnd":3}
{"suffix":"","zoom":1.5,"flipped":false,"flippedY":false,"stretchX":0.75,"angle":13,"reverse":false,"selected":true,"replaced":true,"undone":true,"redone":true,"changed":3396,"selectedText":"\u6D4B\u8BD5","selectionStart":3,"selectionEnd":5}
{"suffix":"","zoom":1.5,"flipped":false,"flippedY":false,"stretchX":0.75,"angle":13,"reverse":true,"selected":true,"replaced":true,"undone":true,"redone":true,"changed":3396,"selectedText":"\u6D4B\u8BD5","selectionStart":5,"selectionEnd":3}
{"suffix":"","zoom":1.5,"flipped":false,"flippedY":true,"stretchX":1,"angle":0,"reverse":false,"selected":true,"replaced":true,"undone":true,"redone":true,"changed":4389,"selectedText":"\u6D4B\u8BD5","selectionStart":3,"selectionEnd":5}
{"suffix":"","zoom":1.5,"flipped":false,"flippedY":true,"stretchX":1,"angle":0,"reverse":true,"selected":true,"replaced":true,"undone":true,"redone":true,"changed":4389,"selectedText":"\u6D4B\u8BD5","selectionStart":5,"selectionEnd":3}
{"suffix":"","zoom":1.5,"flipped":false,"flippedY":true,"stretchX":1,"angle":13,"reverse":false,"selected":true,"replaced":true,"undone":true,"redone":true,"changed":4514,"selectedText":"\u6D4B\u8BD5","selectionStart":3,"selectionEnd":5}
{"suffix":"","zoom":1.5,"flipped":false,"flippedY":true,"stretchX":1,"angle":13,"reverse":true,"selected":true,"replaced":true,"undone":true,"redone":true,"changed":4514,"selectedText":"\u6D4B\u8BD5","selectionStart":5,"selectionEnd":3}
{"suffix":"","zoom":1.5,"flipped":false,"flippedY":true,"stretchX":0.75,"angle":0,"reverse":false,"selected":true,"replaced":true,"undone":true,"redone":true,"changed":3363,"selectedText":"\u6D4B\u8BD5","selectionStart":3,"selectionEnd":5}
{"suffix":"","zoom":1.5,"flipped":false,"flippedY":true,"stretchX":0.75,"angle":0,"reverse":true,"selected":true,"replaced":true,"undone":true,"redone":true,"changed":3363,"selectedText":"\u6D4B\u8BD5","selectionStart":5,"selectionEnd":3}
{"suffix":"","zoom":1.5,"flipped":false,"flippedY":true,"stretchX":0.75,"angle":13,"reverse":false,"selected":true,"replaced":true,"undone":true,"redone":true,"changed":3398,"selectedText":"\u6D4B\u8BD5","selectionStart":3,"selectionEnd":5}
{"suffix":"","zoom":1.5,"flipped":false,"flippedY":true,"stretchX":0.75,"angle":13,"reverse":true,"selected":true,"replaced":true,"undone":true,"redone":true,"changed":3398,"selectedText":"\u6D4B\u8BD5","selectionStart":5,"selectionEnd":3}
{"suffix":"","zoom":1.5,"flipped":true,"flippedY":false,"stretchX":1,"angle":0,"reverse":false,"selected":true,"replaced":true,"undone":true,"redone":true,"changed":4389,"selectedText":"\u6D4B\u8BD5","selectionStart":3,"selectionEnd":5}
{"suffix":"","zoom":1.5,"flipped":true,"flippedY":false,"stretchX":1,"angle":0,"reverse":true,"selected":true,"replaced":true,"undone":true,"redone":true,"changed":4389,"selectedText":"\u6D4B\u8BD5","selectionStart":5,"selectionEnd":3}
{"suffix":"","zoom":1.5,"flipped":true,"flippedY":false,"stretchX":1,"angle":13,"reverse":false,"selected":true,"replaced":true,"undone":true,"redone":true,"changed":4516,"selectedText":"\u6D4B\u8BD5","selectionStart":3,"selectionEnd":5}
{"suffix":"","zoom":1.5,"flipped":true,"flippedY":false,"stretchX":1,"angle":13,"reverse":true,"selected":true,"replaced":true,"undone":true,"redone":true,"changed":4516,"selectedText":"\u6D4B\u8BD5","selectionStart":5,"selectionEnd":3}
{"suffix":"","zoom":1.5,"flipped":true,"flippedY":false,"stretchX":0.75,"angle":0,"reverse":false,"selected":true,"replaced":true,"undone":true,"redone":true,"changed":3363,"selectedText":"\u6D4B\u8BD5","selectionStart":3,"selectionEnd":5}
{"suffix":"","zoom":1.5,"flipped":true,"flippedY":false,"stretchX":0.75,"angle":0,"reverse":true,"selected":true,"replaced":true,"undone":true,"redone":true,"changed":3363,"selectedText":"\u6D4B\u8BD5","selectionStart":5,"selectionEnd":3}
{"suffix":"","zoom":1.5,"flipped":true,"flippedY":false,"stretchX":0.75,"angle":13,"reverse":false,"selected":true,"replaced":true,"undone":true,"redone":true,"changed":3400,"selectedText":"\u6D4B\u8BD5","selectionStart":3,"selectionEnd":5}
{"suffix":"","zoom":1.5,"flipped":true,"flippedY":false,"stretchX":0.75,"angle":13,"reverse":true,"selected":true,"replaced":true,"undone":true,"redone":true,"changed":3400,"selectedText":"\u6D4B\u8BD5","selectionStart":5,"selectionEnd":3}
{"suffix":"","zoom":1.5,"flipped":true,"flippedY":true,"stretchX":1,"angle":0,"reverse":false,"selected":true,"replaced":true,"undone":true,"redone":true,"changed":4389,"selectedText":"\u6D4B\u8BD5","selectionStart":3,"selectionEnd":5}
{"suffix":"","zoom":1.5,"flipped":true,"flippedY":true,"stretchX":1,"angle":0,"reverse":true,"selected":true,"replaced":true,"undone":true,"redone":true,"changed":4389,"selectedText":"\u6D4B\u8BD5","selectionStart":5,"selectionEnd":3}
{"suffix":"","zoom":1.5,"flipped":true,"flippedY":true,"stretchX":1,"angle":13,"reverse":false,"selected":true,"replaced":true,"undone":true,"redone":true,"changed":4516,"selectedText":"\u6D4B\u8BD5","selectionStart":3,"selectionEnd":5}
{"suffix":"","zoom":1.5,"flipped":true,"flippedY":true,"stretchX":1,"angle":13,"reverse":true,"selected":true,"replaced":true,"undone":true,"redone":true,"changed":4516,"selectedText":"\u6D4B\u8BD5","selectionStart":5,"selectionEnd":3}
{"suffix":"","zoom":1.5,"flipped":true,"flippedY":true,"stretchX":0.75,"angle":0,"reverse":false,"selected":true,"replaced":true,"undone":true,"redone":true,"changed":3363,"selectedText":"\u6D4B\u8BD5","selectionStart":3,"selectionEnd":5}
{"suffix":"","zoom":1.5,"flipped":true,"flippedY":true,"stretchX":0.75,"angle":0,"reverse":true,"selected":true,"replaced":true,"undone":true,"redone":true,"changed":3363,"selectedText":"\u6D4B\u8BD5","selectionStart":5,"selectionEnd":3}
{"suffix":"","zoom":1.5,"flipped":true,"flippedY":true,"stretchX":0.75,"angle":13,"reverse":false,"selected":true,"replaced":true,"undone":true,"redone":true,"changed":3395,"selectedText":"\u6D4B\u8BD5","selectionStart":3,"selectionEnd":5}
{"suffix":"","zoom":1.5,"flipped":true,"flippedY":true,"stretchX":0.75,"angle":13,"reverse":true,"selected":true,"replaced":true,"undone":true,"redone":true,"changed":3395,"selectedText":"\u6D4B\u8BD5","selectionStart":5,"selectionEnd":3}
