-- The C compiler identification is Clang 23.1.1
-- The CXX compiler identification is Clang 23.1.1
-- Detecting C compiler ABI info
-- Detecting C compiler ABI info - done
-- Check for working C compiler: /tmp/compositor-qt-s02-cross/llvm-mingw-20260908-ucrt-macos-universal/bin/x86_64-w64-mingw32-clang - skipped
-- Detecting C compile features
-- Detecting C compile features - done
-- Detecting CXX compiler ABI info
-- Detecting CXX compiler ABI info - done
-- Check for working CXX compiler: /tmp/compositor-qt-s02-cross/llvm-mingw-20260908-ucrt-macos-universal/bin/x86_64-w64-mingw32-clang++ - skipped
-- Detecting CXX compile features
-- Detecting CXX compile features - done
-- Performing Test CMAKE_HAVE_LIBC_PTHREAD
-- Performing Test CMAKE_HAVE_LIBC_PTHREAD - Failed
-- Check if compiler accepts -pthread
-- Check if compiler accepts -pthread - yes
-- Found Threads: TRUE
-- Performing Test HAVE_STDATOMIC
-- Performing Test HAVE_STDATOMIC - Success
-- Found WrapAtomic: TRUE
CMake Warning at /tmp/compositor-qt-s02-cross/qt/lib/cmake/Qt6Core/Qt6CoreMacros.cmake:3307 (message):
  No qtpaths executable found for deployment purposes.  Candidates searched:

      /tmp/compositor-qt-s02-cross/qt/bin/qtpaths6
      /tmp/compositor-qt-s02-cross/qt/bin/qtpaths
Call Stack (most recent call first):
  /tmp/compositor-qt-s02-cross/qt/lib/cmake/Qt6Core/Qt6CoreConfigExtras.cmake:30 (_qt_internal_setup_deploy_support)
  /tmp/compositor-qt-s02-cross/qt/lib/cmake/Qt6Core/Qt6CoreConfig.cmake:194 (include)
  /tmp/compositor-qt-s02-tools/lib/python3.9/site-packages/cmake/data/share/cmake-3.31/Modules/CMakeFindDependencyMacro.cmake:76 (find_package)
  /tmp/compositor-qt-s02-cross/qt/lib/cmake/Qt6/QtPublicDependencyHelpers.cmake:142 (find_dependency)
  /tmp/compositor-qt-s02-cross/qt/lib/cmake/Qt6Widgets/Qt6WidgetsDependencies.cmake:51 (_qt_internal_find_qt_dependencies)
  /tmp/compositor-qt-s02-cross/qt/lib/cmake/Qt6Widgets/Qt6WidgetsConfig.cmake:40 (include)
  /tmp/compositor-qt-s02-cross/qt/lib/cmake/Qt6/Qt6Config.cmake:257 (find_package)
  CMakeLists.txt:4 (find_package)


-- Could NOT find WrapVulkanHeaders (missing: Vulkan_INCLUDE_DIR) 
-- Configuring done (7.6s)
-- Generating done (0.1s)
-- Build files have been written to: /tmp/compositor-qt-ime-control-win
