{
  "status": "preparation checks passed; reference differences and timings are observations",
  "platform": "macOS 26.5.1",
  "architecture": "Arm64",
  "runtime": ".NET 10.0.12",
  "windowsExecuted": false,
  "algorithm": "CPU dabs; 24-stop Gaussian tip, 2.5 percent spacing, centripetal Catmull-Rom, provisional tail restoration",
  "scope": "Two 40%-opacity strokes; synchronous headless CPU previews; not S02 or Windows acceptance",
  "samplesPerStroke": 121,
  "customControlUpdates": 242,
  "tileSize": 256,
  "sharedTilesAcrossSecondStroke": 56,
  "sampledWorkingSetHighWaterBytes": 224296960,
  "fullRasterExportsBeforeSecondCommit": 0,
  "previewViewport": "1000x1000 at 25%; final correctness preview at 4000x4000",
  "samplingNotes": "Working set sampled after each preview; digest correctness checks outside timings; no peak private RAM/VRAM claim",
  "sessionChecks": [
    "immediate next stroke",
    "one history entry per stroke",
    "shared untouched tiles",
    "prior snapshot unchanged",
    "undo/redo identity",
    "cancel preserves redo",
    "new edit replaces redo",
    "provisional tails equal no-tail replay",
    "empty stroke leaves history unchanged",
    "repeated flush stable",
    "committed stroke rejects writes",
    "full preview/export equal",
    "save/reopen equal"
  ],
  "timings": [
    {
      "stroke": 0,
      "appendMilliseconds": [
        19.366,
        7.5332,
        13.9548,
        11.5654,
        11.8902,
        12.0049,
        12.3279,
        13.6214,
        14.3531,
        13.0926,
        12.6562,
        13.9049,
        16.029,
        17.1032,
        20.0795,
        18.4949,
        18.3911,
        17.4186,
        19.3599,
        23.1465,
        23.3723,
        24.4981,
        16.0204,
        15.8651,
        14.5291,
        15.0383,
        15.1508,
        23.4652,
        23.9745,
        16.8949,
        15.0676,
        15.8092,
        16.1787,
        19.107,
        17.3265,
        23.5555,
        14.8446,
        18.3173,
        14.0455,
        13.8152,
        14.9541,
        13.8298,
        14.6815,
        14.4697,
        15.2921,
        14.119,
        14.6207,
        16.6572,
        24.229,
        25.6679,
        46.3397,
        32.8817,
        27.1686,
        25.3838,
        21.9559,
        16.3786,
        14.8201,
        14.5915,
        15.1763,
        16.163,
        14.6089,
        13.2298,
        13.0656,
        12.6985,
        13.1337,
        13.4705,
        14.8776,
        14.7362,
        13.596,
        12.8289,
        12.8395,
        12.7747,
        14.6212,
        14.6477,
        14.3548,
        13.0822,
        12.385,
        12.3021,
        12.6915,
        14.3918,
        12.9875,
        10.945,
        10.0145,
        9.9989,
        10.2999,
        11.2294,
        11.2449,
        10.1725,
        9.9851,
        9.9694,
        9.9257,
        10.2624,
        11.1457,
        9.9455,
        10.2755,
        9.9497,
        9.9527,
        10.2991,
        11.2933,
        11.2038,
        10.2655,
        10.505,
        10.4391,
        10.224,
        11.404,
        11.3511,
        9.9771,
        10.0287,
        10.0467,
        10.2145,
        10.293,
        11.2422,
        11.1813,
        10.041,
        10.1292,
        10.102,
        10.5575,
        11.1714,
        11.2019,
        9.9565,
        10.063
      ],
      "previewMilliseconds": [
        39.4798,
        1.7707,
        0.6124,
        1.0485,
        0.5822,
        1.0556,
        0.7172,
        1.1185,
        0.6509,
        1.2336,
        0.6714,
        1.1353,
        0.9284,
        1.0414,
        1.9427,
        0.8931,
        1.5683,
        1.0176,
        2.0955,
        1.0505,
        1.2368,
        1.4177,
        0.9971,
        1.4188,
        0.8657,
        0.9551,
        1.6265,
        1.4405,
        1.185,
        1.4812,
        0.9196,
        0.9683,
        1.57,
        1.2223,
        0.922,
        1.6197,
        1.0495,
        0.9778,
        1.3557,
        0.8645,
        1.0465,
        1.3338,
        0.9844,
        1.1081,
        1.3848,
        0.9477,
        0.9884,
        1.4375,
        0.9496,
        1.5715,
        1.6205,
        1.8212,
        1.3181,
        1.5106,
        1.4355,
        1.8843,
        1.0051,
        0.9916,
        1.4874,
        0.9575,
        0.9818,
        0.9467,
        1.3981,
        0.9315,
        0.9387,
        1.1039,
        1.4362,
        1.1868,
        0.9642,
        0.9909,
        1.5391,
        1.0222,
        1.0304,
        1.3393,
        1.6032,
        0.9677,
        0.9794,
        1.033,
        1.0376,
        1.6091,
        1.0606,
        0.9768,
        0.9273,
        1.3118,
        1.0037,
        0.9839,
        0.9757,
        1.2766,
        0.9395,
        0.9365,
        0.9218,
        1.0132,
        1.4427,
        1.0022,
        1.043,
        0.9748,
        1.1667,
        1.5719,
        1.1122,
        1.1435,
        1.214,
        1.023,
        1.4465,
        1.1142,
        1.0987,
        1.102,
        1.0595,
        1.653,
        1.0604,
        1.0454,
        1.1657,
        1.1005,
        1.5235,
        1.2118,
        1.2074,
        1.1186,
        1.1414,
        1.471,
        1.1927,
        1.1459,
        1.1325
      ],
      "commitMilliseconds": 11.455,
      "touchedTiles": 92,
      "storedTiles": 92,
      "commitCopiedBytes": 24117248,
      "publishedPixelBytes": 545336064,
      "tailBackupBytes": 130023424,
      "previewNativeCopyBytes": 1759510528,
      "managedAllocatedBytes": 211706048,
      "gcCollections": [
        53,
        39,
        37
      ],
      "appendP95": 24.229,
      "previewP95": 1.653,
      "updateAndPreviewP95": 25.9158
    },
    {
      "stroke": 1,
      "appendMilliseconds": [
        5.729,
        5.1345,
        10.3739,
        8.9063,
        8.9177,
        9.3032,
        9.1257,
        8.0407,
        9.4062,
        9.7175,
        9.0348,
        9.1377,
        7.9267,
        9.621,
        11.9419,
        12.6407,
        9.587,
        8.8558,
        8.9661,
        7.745,
        9.6933,
        9.3224,
        9.7374,
        11.1017,
        9.4024,
        10.905,
        10.885,
        13.6578,
        13.2536,
        9.8865,
        10.1859,
        8.9217,
        10.0059,
        10.065,
        10.091,
        9.9485,
        7.883,
        9.5272,
        10.2915,
        11.3847,
        13.6318,
        12.995,
        10.3877,
        10.4849,
        10.5402,
        10.125,
        10.0036,
        9.9904,
        8.4353,
        9.0855,
        9.2554,
        10.9899,
        12.0673,
        11.6399,
        13.2996,
        10.264,
        9.3447,
        10.1517,
        10.0088,
        10.1003,
        8.1895,
        9.3436,
        10.1587,
        9.6133,
        9.6492,
        11.1321,
        12.5907,
        10.0371,
        10.3364,
        10.1695,
        8.6413,
        10.0158,
        9.8123,
        9.8532,
        9.1446,
        10.317,
        10.2491,
        9.3772,
        14.2587,
        12.2995,
        9.0744,
        9.6436,
        7.9786,
        9.051,
        8.9654,
        9.0182,
        10.2585,
        8.9471,
        8.9363,
        8.4376,
        10.7415,
        13.3992,
        13.4928,
        9.9211,
        8.541,
        10.1233,
        9.92,
        9.972,
        9.9565,
        10.1252,
        10.3637,
        8.6766,
        10.5558,
        13.1127,
        13.1738,
        12.0683,
        8.17,
        8.9338,
        8.9485,
        8.948,
        9.1009,
        9.008,
        10.0219,
        10.6781,
        9.4522,
        9.7098,
        12.3386,
        11.9013,
        11.5285,
        10.0553,
        10.4341
      ],
      "previewMilliseconds": [
        1.4523,
        1.3146,
        1.3682,
        1.3658,
        1.3872,
        1.421,
        1.5665,
        1.3538,
        1.8555,
        1.3774,
        1.5074,
        1.488,
        1.3564,
        1.5174,
        1.5067,
        1.5658,
        1.5287,
        1.9375,
        1.4207,
        1.4923,
        1.5601,
        1.6609,
        1.7653,
        1.8242,
        1.6567,
        1.636,
        1.7675,
        2.4013,
        1.669,
        1.7911,
        1.6949,
        1.6974,
        1.8024,
        1.7655,
        1.7151,
        1.5503,
        1.7303,
        2.5603,
        1.7866,
        2.2394,
        1.9965,
        1.96,
        1.891,
        1.798,
        2.0313,
        1.7685,
        1.8222,
        1.8392,
        2.2455,
        1.6057,
        1.8266,
        1.6771,
        1.9746,
        1.9724,
        2.0711,
        1.8781,
        1.6981,
        2.1492,
        1.7203,
        2.514,
        1.6962,
        1.8366,
        1.929,
        1.6866,
        1.9314,
        1.881,
        2.0375,
        1.994,
        1.9922,
        2.0865,
        2.0793,
        2.4662,
        1.9955,
        1.7948,
        2.0584,
        1.6788,
        1.9983,
        2.0275,
        2.1559,
        1.7627,
        1.7467,
        1.9767,
        1.9017,
        2.3782,
        1.9069,
        1.963,
        1.8131,
        1.7715,
        1.7694,
        2.0409,
        2.0469,
        2.09,
        2.7859,
        1.9737,
        2.001,
        2.5448,
        2.0064,
        2.034,
        2.1106,
        2.2151,
        2.0594,
        1.9595,
        2.032,
        1.9642,
        2.0311,
        1.841,
        1.7903,
        1.7615,
        2.198,
        1.7987,
        2.0512,
        4.5565,
        2.1627,
        2.302,
        1.775,
        1.976,
        1.8429,
        1.8308,
        2.0017,
        2.0337,
        1.9925
      ],
      "commitMilliseconds": 11.9509,
      "touchedTiles": 106,
      "storedTiles": 162,
      "commitCopiedBytes": 27787264,
      "publishedPixelBytes": 561024044,
      "tailBackupBytes": 133496832,
      "previewNativeCopyBytes": 4683202560,
      "managedAllocatedBytes": 230247952,
      "gcCollections": [
        28,
        12,
        10
      ],
      "appendP95": 13.2536,
      "previewP95": 2.4013,
      "updateAndPreviewP95": 15.2049
    }
  ],
  "comparisons": [
    {
      "stage": "first",
      "cpuReference": {
        "DifferentPixels": 1122405,
        "MaximumChannelError": 3,
        "MeanAbsoluteChannelError": 0.02829665625,
        "MaximumAlphaError": 3,
        "PixelsWithErrorAbove1": 28962
      },
      "metalReference": {
        "DifferentPixels": 1340829,
        "MaximumChannelError": 7,
        "MeanAbsoluteChannelError": 0.070138671875,
        "MaximumAlphaError": 7,
        "PixelsWithErrorAbove1": 313672
      }
    },
    {
      "stage": "final",
      "cpuReference": {
        "DifferentPixels": 1875766,
        "MaximumChannelError": 4,
        "MeanAbsoluteChannelError": 0.046540328125,
        "MaximumAlphaError": 4,
        "PixelsWithErrorAbove1": 47834
      },
      "metalReference": {
        "DifferentPixels": 2269671,
        "MaximumChannelError": 7,
        "MeanAbsoluteChannelError": 0.114699703125,
        "MaximumAlphaError": 7,
        "PixelsWithErrorAbove1": 514996
      }
    }
  ]
}
