qt.qpa.input.methods: startComposition QGraphicsView(0x1c93ff89450) QWidgetWindow(0x1c9548ae940, name="QWidgetClassWindow") language= 2052
qt.qpa.input.methods: cursorRectChanged QRect(1086,495 2x71)
qt.qpa.input.methods: > composition QGraphicsView(0x1c93ff89450) "COMPSTR COMPATTR CURSORPOS COMPCLAUSE "  composing= true
qt.qpa.input.methods: cursorRectChanged QRect(1109,495 2x71)
qt.qpa.input.methods: < composition sending markup= 2  commit= ""  to  QGraphicsView(0x1c93ff89450)  returns  true
qt.qpa.input.methods: cursorRectChanged QRect(1109,495 2x71)
qt.qpa.input.methods: cursorRectChanged QRect(1109,495 2x71)
qt.qpa.input.methods: cursorRectChanged QRect(1109,495 2x71)
qt.qpa.input.methods: cursorRectChanged QRect(1109,495 2x71)
qt.qpa.input.methods: cursorRectChanged QRect(938,495 2x71)
qt.qpa.input.methods: cursorRectChanged QRect(938,495 2x71)
qt.qpa.input.methods: cursorRectChanged QRect(938,495 2x71)
qt.qpa.input.methods: cursorRectChanged QRect(938,495 2x71)
qt.qpa.input.methods: cursorRectChanged QRect(938,495 2x71)
qt.qpa.input.methods: > composition QGraphicsView(0x1c93ff89450) "RESULTSTR "  composing= true
qt.qpa.input.methods: cursorRectChanged QRect(960,495 2x71)
qt.qpa.input.methods: < composition sending markup= 0  commit= "z"  to  QGraphicsView(0x1c93ff89450)  returns  true
qt.qpa.input.methods: endComposition false 0x907f8
qt.qpa.input.methods: startComposition QGraphicsView(0x1c93ff89450) QWidgetWindow(0x1c9548ae940, name="QWidgetClassWindow") language= 2052
qt.qpa.input.methods: cursorRectChanged QRect(1086,495 2x71)
qt.qpa.input.methods: > composition QGraphicsView(0x1c93ff89450) "COMPSTR COMPATTR CURSORPOS COMPCLAUSE "  composing= true
qt.qpa.input.methods: cursorRectChanged QRect(1109,495 2x71)
qt.qpa.input.methods: < composition sending markup= 2  commit= ""  to  QGraphicsView(0x1c93ff89450)  returns  true
qt.qpa.input.methods: > composition QGraphicsView(0x1c93ff89450) "COMPSTR COMPATTR CURSORPOS COMPCLAUSE "  composing= true
qt.qpa.input.methods: cursorRectChanged QRect(1138,495 2x71)
qt.qpa.input.methods: < composition sending markup= 2  commit= ""  to  QGraphicsView(0x1c93ff89450)  returns  true
qt.qpa.input.methods: > composition QGraphicsView(0x1c93ff89450) "COMPSTR COMPATTR CURSORPOS COMPCLAUSE "  composing= true
qt.qpa.input.methods: cursorRectChanged QRect(1167,495 2x71)
qt.qpa.input.methods: < composition sending markup= 2  commit= ""  to  QGraphicsView(0x1c93ff89450)  returns  true
qt.qpa.input.methods: > composition QGraphicsView(0x1c93ff89450) "COMPSTR COMPATTR CURSORPOS COMPCLAUSE "  composing= true
qt.qpa.input.methods: cursorRectChanged QRect(1197,495 1x71)
qt.qpa.input.methods: < composition sending markup= 2  commit= ""  to  QGraphicsView(0x1c93ff89450)  returns  true
qt.qpa.input.methods: > composition QGraphicsView(0x1c93ff89450) "COMPSTR COMPATTR CURSORPOS COMPCLAUSE "  composing= true
qt.qpa.input.methods: cursorRectChanged QRect(539,572 2x70)
qt.qpa.input.methods: < composition sending markup= 2  commit= ""  to  QGraphicsView(0x1c93ff89450)  returns  true
qt.qpa.input.methods: > composition QGraphicsView(0x1c93ff89450) "COMPSTR COMPATTR CURSORPOS COMPCLAUSE "  composing= true
qt.qpa.input.methods: cursorRectChanged QRect(591,572 2x70)
qt.qpa.input.methods: < composition sending markup= 2  commit= ""  to  QGraphicsView(0x1c93ff89450)  returns  true
qt.qpa.input.methods: > composition QGraphicsView(0x1c93ff89450) "COMPSTR COMPATTR CURSORPOS COMPCLAUSE "  composing= true
qt.qpa.input.methods: cursorRectChanged QRect(618,572 1x70)
qt.qpa.input.methods: < composition sending markup= 2  commit= ""  to  QGraphicsView(0x1c93ff89450)  returns  true
qt.qpa.input.methods: > composition QGraphicsView(0x1c93ff89450) "COMPSTR COMPATTR CURSORPOS COMPCLAUSE "  composing= true
qt.qpa.input.methods: cursorRectChanged QRect(647,572 1x70)
qt.qpa.input.methods: < composition sending markup= 2  commit= ""  to  QGraphicsView(0x1c93ff89450)  returns  true
qt.qpa.input.methods: > composition QGraphicsView(0x1c93ff89450) "COMPSTR COMPATTR CURSORPOS COMPCLAUSE "  composing= true
qt.qpa.input.methods: cursorRectChanged QRect(1086,495 2x71)
qt.qpa.input.methods: < composition sending markup= 1  commit= ""  to  QGraphicsView(0x1c93ff89450)  returns  true
qt.qpa.input.methods: endComposition false 0x907f8
qt.qpa.input.methods: cursorRectChanged QRect(1086,495 2x71)
