loading initial cache file /tmp/compositor-parent-heic-windows/source/experiments/windows/heic/codecs.cmake
-- The C compiler identification is Clang 23.1.1
-- The CXX compiler identification is Clang 23.1.1
-- Detecting C compiler ABI info
-- Detecting C compiler ABI info - done
-- Check for working C compiler: /tmp/compositor-parent-qt-windows/llvm-mingw-20260908-ucrt-macos-universal/bin/x86_64-w64-mingw32-clang - skipped
-- Detecting C compile features
-- Detecting C compile features - done
-- Detecting CXX compiler ABI info
-- Detecting CXX compiler ABI info - done
-- Check for working CXX compiler: /tmp/compositor-parent-qt-windows/llvm-mingw-20260908-ucrt-macos-universal/bin/x86_64-w64-mingw32-clang++ - skipped
-- Detecting CXX compile features
-- Detecting CXX compile features - done
-- Looking for C++ include bit
-- Looking for C++ include bit - found
-- Looking for C++ include unistd.h
-- Looking for C++ include unistd.h - found
-- Performing Test has_potentially_evaluated_expression
-- Performing Test has_potentially_evaluated_expression - Success
-- Found LIBDE265 
-- Found LIBDE265: /tmp/compositor-parent-heic-windows/prefix/include (found version "1.1.1")

=== Summary of compiled codecs ===
libde265 HEVC decoder                 : + built-in
FFMPEG HEVC decoder (HW acc)          : - disabled
WebCodecs HEVC decoder (experimental) : - disabled
x265 HEVC encoder                     : - disabled
Kvazaar HEVC encoder                  : - disabled
AOM AV1 decoder                       : - disabled
AOM AV1 encoder                       : - disabled
Dav1d AV1 decoder                     : - disabled
SVT AV1 encoder                       : - disabled
Rav1e AV1 encoder                     : - disabled
JPEG decoder                          : - disabled
JPEG encoder                          : - disabled
x264 AVC encoder                      : - disabled
OpenH264 decoder                      : - disabled
OpenJPEG J2K decoder                  : - disabled
OpenJPEG J2K encoder                  : - disabled
OpenJPH HT-J2K encoder                : - disabled
uvg266 VVC encoder                    : - disabled
vvenc VVC encoder                     : - disabled
vvdec VVC decoder                     : - disabled

=== Supported formats ===
format        decoding   encoding
AVC             NO         NO 
AVIF            NO         NO 
HEIC            YES        NO 
JPEG            NO         NO 
JPEG2000        NO         NO 
JPEG2000-HT     NO         NO 
Uncompressed    NO         NO 
VVC             NO         NO 

libsharpyuv: disabled
-- Looking for _LIBCPP_VERSION
-- Looking for _LIBCPP_VERSION - found
-- Could NOT find TIFF (missing: TIFF_LIBRARY TIFF_INCLUDE_DIR) 
-- Could NOT find JPEG (missing: JPEG_LIBRARY JPEG_INCLUDE_DIR) 
-- Could NOT find ZLIB (missing: ZLIB_LIBRARY ZLIB_INCLUDE_DIR) 
-- Could NOT find PNG (missing: PNG_LIBRARY PNG_PNG_INCLUDE_DIR) 
-- Could NOT find WEBP (missing: WEBP_INCLUDE_DIR WEBP_LIBRARY WEBPMUX_INCLUDE_DIR WEBPMUX_LIBRARY) 

=== Active input formats for heif-enc ===
JPEG: ------ (libjpeg not found)
PNG:  ------ (libpng not found)
WEBP:  ------ (libwebp not found)
TIFF: ------ (libtiff not found)

-- Could NOT find Doxygen (missing: DOXYGEN_EXECUTABLE) 
Doxygen tool needs to be installed to generate the API documentation
Not compiling 'x265' backend
Compiling 'libde265' as built-in backend
Not compiling 'dav1d' backend
Not compiling 'aomdec' backend
Not compiling 'aomenc' backend
Not compiling 'svtenc' backend
Not compiling 'rav1e' backend
Not compiling 'jpegdec' backend
Not compiling 'jpegenc' backend
Not compiling 'j2kdec' backend
Not compiling 'j2kenc' backend
Not compiling 'kvazaar' backend
Not compiling 'ffmpegdec' backend
Not compiling 'jphenc' backend
Not compiling 'uvg266' backend
Not compiling 'vvdec' backend
Not compiling 'vvenc' backend
Not compiling 'x264' backend
Not compiling 'openh264dec' backend
Not compiling 'libsharpyuv'
-- Performing Test CMAKE_HAVE_LIBC_PTHREAD
-- Performing Test CMAKE_HAVE_LIBC_PTHREAD - Failed
-- Looking for pthread_create in pthreads
-- Looking for pthread_create in pthreads - not found
-- Looking for pthread_create in pthread
-- Looking for pthread_create in pthread - found
-- Found Threads: TRUE
-- Configuring done (25.7s)
-- Generating done (0.1s)
-- Build files have been written to: /tmp/compositor-parent-heic-windows/build-heif
