[  0%] Building CXX object libheif/CMakeFiles/heif.dir/bitstream.cc.obj
[  1%] Building CXX object libheif/CMakeFiles/heif.dir/box.cc.obj
[  2%] Building CXX object libheif/CMakeFiles/heif.dir/context.cc.obj
[  3%] Building CXX object libheif/CMakeFiles/heif.dir/error.cc.obj
[  4%] Building CXX object libheif/CMakeFiles/heif.dir/file.cc.obj
[  5%] Building CXX object libheif/CMakeFiles/heif.dir/file_layout.cc.obj
[  6%] Building CXX object libheif/CMakeFiles/heif.dir/image/pixelimage.cc.obj
[  7%] Building CXX object libheif/CMakeFiles/heif.dir/image/image_description.cc.obj
[  8%] Building CXX object libheif/CMakeFiles/heif.dir/plugin_registry.cc.obj
[  9%] Building CXX object libheif/CMakeFiles/heif.dir/nclx.cc.obj
[ 10%] Building CXX object libheif/CMakeFiles/heif.dir/security_limits.cc.obj
[ 11%] Building CXX object libheif/CMakeFiles/heif.dir/init.cc.obj
[ 12%] Building CXX object libheif/CMakeFiles/heif.dir/logging.cc.obj
[ 13%] Building CXX object libheif/CMakeFiles/heif.dir/compression.cc.obj
[ 14%] Building CXX object libheif/CMakeFiles/heif.dir/compression_brotli.cc.obj
[ 15%] Building CXX object libheif/CMakeFiles/heif.dir/compression_zlib.cc.obj
[ 16%] Building CXX object libheif/CMakeFiles/heif.dir/common_utils.cc.obj
[ 16%] Building CXX object libheif/CMakeFiles/heif.dir/region.cc.obj
[ 17%] Building CXX object libheif/CMakeFiles/heif.dir/brands.cc.obj
[ 18%] Building CXX object libheif/CMakeFiles/heif.dir/id_creator.cc.obj
[ 19%] Building CXX object libheif/CMakeFiles/heif.dir/text.cc.obj
[ 20%] Building CXX object libheif/CMakeFiles/heif.dir/api/libheif/heif.cc.obj
[ 21%] Building CXX object libheif/CMakeFiles/heif.dir/api/libheif/heif_library.cc.obj
[ 22%] Building CXX object libheif/CMakeFiles/heif.dir/api/libheif/heif_image.cc.obj
[ 23%] Building CXX object libheif/CMakeFiles/heif.dir/api/libheif/heif_color.cc.obj
[ 24%] Building CXX object libheif/CMakeFiles/heif.dir/api/libheif/heif_regions.cc.obj
[ 25%] Building CXX object libheif/CMakeFiles/heif.dir/api/libheif/heif_plugin.cc.obj
[ 26%] Building CXX object libheif/CMakeFiles/heif.dir/api/libheif/heif_properties.cc.obj
[ 27%] Building CXX object libheif/CMakeFiles/heif.dir/api/libheif/heif_items.cc.obj
[ 28%] Building CXX object libheif/CMakeFiles/heif.dir/api/libheif/heif_sequences.cc.obj
[ 29%] Building CXX object libheif/CMakeFiles/heif.dir/api/libheif/heif_tai_timestamps.cc.obj
[ 30%] Building CXX object libheif/CMakeFiles/heif.dir/api/libheif/heif_brands.cc.obj
[ 31%] Building CXX object libheif/CMakeFiles/heif.dir/api/libheif/heif_metadata.cc.obj
[ 32%] Building CXX object libheif/CMakeFiles/heif.dir/api/libheif/heif_aux_images.cc.obj
[ 33%] Building CXX object libheif/CMakeFiles/heif.dir/api/libheif/heif_entity_groups.cc.obj
[ 33%] Building CXX object libheif/CMakeFiles/heif.dir/api/libheif/heif_security.cc.obj
[ 34%] Building CXX object libheif/CMakeFiles/heif.dir/api/libheif/heif_encoding.cc.obj
[ 35%] Building CXX object libheif/CMakeFiles/heif.dir/api/libheif/heif_decoding.cc.obj
[ 36%] Building CXX object libheif/CMakeFiles/heif.dir/api/libheif/heif_image_handle.cc.obj
[ 37%] Building CXX object libheif/CMakeFiles/heif.dir/api/libheif/heif_context.cc.obj
[ 38%] Building CXX object libheif/CMakeFiles/heif.dir/api/libheif/heif_tiling.cc.obj
[ 39%] Building CXX object libheif/CMakeFiles/heif.dir/api/libheif/heif_components.cc.obj
[ 40%] Building CXX object libheif/CMakeFiles/heif.dir/api/libheif/heif_uncompressed.cc.obj
[ 41%] Building CXX object libheif/CMakeFiles/heif.dir/api/libheif/heif_text.cc.obj
[ 42%] Building CXX object libheif/CMakeFiles/heif.dir/api/libheif/heif_omaf.cc.obj
[ 43%] Building CXX object libheif/CMakeFiles/heif.dir/codecs/decoder.cc.obj
[ 44%] Building CXX object libheif/CMakeFiles/heif.dir/codecs/encoder.cc.obj
[ 45%] Building CXX object libheif/CMakeFiles/heif.dir/image-items/hevc.cc.obj
[ 46%] Building CXX object libheif/CMakeFiles/heif.dir/codecs/hevc_boxes.cc.obj
[ 47%] Building CXX object libheif/CMakeFiles/heif.dir/codecs/hevc_dec.cc.obj
[ 48%] Building CXX object libheif/CMakeFiles/heif.dir/codecs/hevc_enc.cc.obj
[ 49%] Building CXX object libheif/CMakeFiles/heif.dir/image-items/avif.cc.obj
[ 50%] Building CXX object libheif/CMakeFiles/heif.dir/codecs/avif_enc.cc.obj
[ 50%] Building CXX object libheif/CMakeFiles/heif.dir/codecs/avif_dec.cc.obj
[ 51%] Building CXX object libheif/CMakeFiles/heif.dir/codecs/avif_boxes.cc.obj
[ 52%] Building CXX object libheif/CMakeFiles/heif.dir/image-items/jpeg.cc.obj
[ 53%] Building CXX object libheif/CMakeFiles/heif.dir/codecs/jpeg_boxes.cc.obj
[ 54%] Building CXX object libheif/CMakeFiles/heif.dir/codecs/jpeg_dec.cc.obj
[ 55%] Building CXX object libheif/CMakeFiles/heif.dir/codecs/jpeg_enc.cc.obj
[ 56%] Building CXX object libheif/CMakeFiles/heif.dir/image-items/jpeg2000.cc.obj
[ 57%] Building CXX object libheif/CMakeFiles/heif.dir/codecs/jpeg2000_dec.cc.obj
[ 58%] Building CXX object libheif/CMakeFiles/heif.dir/codecs/jpeg2000_enc.cc.obj
[ 59%] Building CXX object libheif/CMakeFiles/heif.dir/codecs/jpeg2000_boxes.cc.obj
[ 60%] Building CXX object libheif/CMakeFiles/heif.dir/image-items/vvc.cc.obj
[ 61%] Building CXX object libheif/CMakeFiles/heif.dir/codecs/vvc_dec.cc.obj
[ 62%] Building CXX object libheif/CMakeFiles/heif.dir/codecs/vvc_enc.cc.obj
[ 63%] Building CXX object libheif/CMakeFiles/heif.dir/codecs/vvc_boxes.cc.obj
[ 64%] Building CXX object libheif/CMakeFiles/heif.dir/image-items/avc.cc.obj
[ 65%] Building CXX object libheif/CMakeFiles/heif.dir/codecs/avc_boxes.cc.obj
[ 66%] Building CXX object libheif/CMakeFiles/heif.dir/codecs/avc_dec.cc.obj
[ 66%] Building CXX object libheif/CMakeFiles/heif.dir/codecs/avc_enc.cc.obj
[ 67%] Building CXX object libheif/CMakeFiles/heif.dir/image-items/mask_image.cc.obj
[ 68%] Building CXX object libheif/CMakeFiles/heif.dir/image-items/image_item.cc.obj
[ 69%] Building CXX object libheif/CMakeFiles/heif.dir/image-items/grid.cc.obj
[ 70%] Building CXX object libheif/CMakeFiles/heif.dir/image-items/overlay.cc.obj
[ 71%] Building CXX object libheif/CMakeFiles/heif.dir/image-items/iden.cc.obj
/tmp/compositor-parent-heic-windows/upstream/libheif-1.23.4/libheif/image-items/grid.cc:245:5: warning: ignoring return value of function declared with 'nodiscard' attribute [-Wunused-result]
  245 |     jobs->front().get();
      |     ^~~~~~~~~~~~~~~~~~~
1 warning generated.
[ 72%] Building CXX object libheif/CMakeFiles/heif.dir/image-items/tiled.cc.obj
[ 73%] Building CXX object libheif/CMakeFiles/heif.dir/color-conversion/colorconversion.cc.obj
[ 74%] Building CXX object libheif/CMakeFiles/heif.dir/color-conversion/rgb2yuv.cc.obj
[ 75%] Building CXX object libheif/CMakeFiles/heif.dir/color-conversion/rgb2yuv_sharp.cc.obj
[ 76%] Building CXX object libheif/CMakeFiles/heif.dir/color-conversion/yuv2rgb.cc.obj
[ 77%] Building CXX object libheif/CMakeFiles/heif.dir/color-conversion/rgb2rgb.cc.obj
[ 78%] Building CXX object libheif/CMakeFiles/heif.dir/color-conversion/monochrome.cc.obj
[ 79%] Building CXX object libheif/CMakeFiles/heif.dir/color-conversion/hdr_sdr.cc.obj
[ 80%] Building CXX object libheif/CMakeFiles/heif.dir/color-conversion/alpha.cc.obj
[ 81%] Building CXX object libheif/CMakeFiles/heif.dir/color-conversion/chroma_sampling.cc.obj
[ 82%] Building CXX object libheif/CMakeFiles/heif.dir/color-conversion/bayer_bilinear.cc.obj
[ 83%] Building CXX object libheif/CMakeFiles/heif.dir/sequences/seq_boxes.cc.obj
[ 83%] Building CXX object libheif/CMakeFiles/heif.dir/sequences/chunk.cc.obj
[ 84%] Building CXX object libheif/CMakeFiles/heif.dir/sequences/track.cc.obj
[ 85%] Building CXX object libheif/CMakeFiles/heif.dir/sequences/track_visual.cc.obj
[ 86%] Building CXX object libheif/CMakeFiles/heif.dir/sequences/track_metadata.cc.obj
[ 87%] Building CXX object libheif/CMakeFiles/heif.dir/plugins/decoder_libde265.cc.obj
[ 88%] Building CXX object libheif/CMakeFiles/heif.dir/plugins/encoder_mask.cc.obj
[ 89%] Building CXX object libheif/CMakeFiles/heif.dir/plugins/nalu_utils.cc.obj
[ 90%] Building CXX object libheif/CMakeFiles/heif.dir/mini.cc.obj
[ 91%] Building CXX object libheif/CMakeFiles/heif.dir/omaf_boxes.cc.obj
[ 92%] Linking CXX shared library libheif.dll
[ 92%] Built target heif
[ 93%] Building CXX object heifio/CMakeFiles/heifio.dir/decoder_heif.cc.obj
[ 94%] Building CXX object heifio/CMakeFiles/heifio.dir/decoder_raw.cc.obj
[ 95%] Building CXX object heifio/CMakeFiles/heifio.dir/decoder_y4m.cc.obj
[ 96%] Building CXX object heifio/CMakeFiles/heifio.dir/encoder.cc.obj
[ 97%] Building CXX object heifio/CMakeFiles/heifio.dir/encoder_y4m.cc.obj
[ 98%] Building CXX object heifio/CMakeFiles/heifio.dir/exif.cc.obj
[ 99%] Building CXX object heifio/CMakeFiles/heifio.dir/stubs.cc.obj
[100%] Linking CXX static library libheifio.a
[100%] Built target heifio
