-- Install configuration: "Release"
-- Installing: /tmp/compositor-parent-heic-windows/prefix/lib/pkgconfig/libheif.pc
-- Installing: /tmp/compositor-parent-heic-windows/prefix/lib/libheif.dll.a
-- Installing: /tmp/compositor-parent-heic-windows/prefix/bin/libheif.dll
-- Installing: /tmp/compositor-parent-heic-windows/prefix/include/libheif/heif.h
-- Installing: /tmp/compositor-parent-heic-windows/prefix/include/libheif/heif_export.h
-- Installing: /tmp/compositor-parent-heic-windows/prefix/include/libheif/heif_library.h
-- Installing: /tmp/compositor-parent-heic-windows/prefix/include/libheif/heif_image.h
-- Installing: /tmp/compositor-parent-heic-windows/prefix/include/libheif/heif_color.h
-- Installing: /tmp/compositor-parent-heic-windows/prefix/include/libheif/heif_error.h
-- Installing: /tmp/compositor-parent-heic-windows/prefix/include/libheif/heif_plugin.h
-- Installing: /tmp/compositor-parent-heic-windows/prefix/include/libheif/heif_properties.h
-- Installing: /tmp/compositor-parent-heic-windows/prefix/include/libheif/heif_regions.h
-- Installing: /tmp/compositor-parent-heic-windows/prefix/include/libheif/heif_items.h
-- Installing: /tmp/compositor-parent-heic-windows/prefix/include/libheif/heif_sequences.h
-- Installing: /tmp/compositor-parent-heic-windows/prefix/include/libheif/heif_tai_timestamps.h
-- Installing: /tmp/compositor-parent-heic-windows/prefix/include/libheif/heif_brands.h
-- Installing: /tmp/compositor-parent-heic-windows/prefix/include/libheif/heif_metadata.h
-- Installing: /tmp/compositor-parent-heic-windows/prefix/include/libheif/heif_aux_images.h
-- Installing: /tmp/compositor-parent-heic-windows/prefix/include/libheif/heif_entity_groups.h
-- Installing: /tmp/compositor-parent-heic-windows/prefix/include/libheif/heif_security.h
-- Installing: /tmp/compositor-parent-heic-windows/prefix/include/libheif/heif_encoding.h
-- Installing: /tmp/compositor-parent-heic-windows/prefix/include/libheif/heif_decoding.h
-- Installing: /tmp/compositor-parent-heic-windows/prefix/include/libheif/heif_image_handle.h
-- Installing: /tmp/compositor-parent-heic-windows/prefix/include/libheif/heif_context.h
-- Installing: /tmp/compositor-parent-heic-windows/prefix/include/libheif/heif_tiling.h
-- Installing: /tmp/compositor-parent-heic-windows/prefix/include/libheif/heif_components.h
-- Installing: /tmp/compositor-parent-heic-windows/prefix/include/libheif/heif_uncompressed.h
-- Installing: /tmp/compositor-parent-heic-windows/prefix/include/libheif/heif_text.h
-- Installing: /tmp/compositor-parent-heic-windows/prefix/include/libheif/heif_omaf.h
-- Installing: /tmp/compositor-parent-heic-windows/prefix/include/libheif/heif_cxx.h
-- Installing: /tmp/compositor-parent-heic-windows/prefix/include/libheif/heif_version.h
-- Installing: /tmp/compositor-parent-heic-windows/prefix/lib/cmake/libheif/libheif-config.cmake
-- Installing: /tmp/compositor-parent-heic-windows/prefix/lib/cmake/libheif/libheif-config-release.cmake
-- Installing: /tmp/compositor-parent-heic-windows/prefix/lib/cmake/libheif/libheif-config-version.cmake
