[  2%] Building CXX object libde265/x86/CMakeFiles/x86_avx512.dir/transform-avx512.cc.obj
[  4%] Building CXX object libde265/x86/CMakeFiles/x86_sse.dir/sse-motion.cc.obj
[  6%] Building CXX object libde265/x86/CMakeFiles/x86.dir/sse.cc.obj
[  9%] Building CXX object libde265/x86/CMakeFiles/x86_avx2.dir/transform-avx2.cc.obj
[  9%] Built target x86
[  9%] Built target x86_avx512
[ 11%] Building CXX object libde265/x86/CMakeFiles/x86_sse.dir/sse-dct.cc.obj
[ 11%] Built target x86_avx2
[ 13%] Building CXX object libde265/x86/CMakeFiles/x86_sse.dir/sse-intrapred.cc.obj
[ 16%] Building CXX object libde265/x86/CMakeFiles/x86_sse.dir/sse-deblk.cc.obj
[ 16%] Built target x86_sse
[ 18%] Building CXX object libde265/CMakeFiles/de265.dir/alloc_pool.cc.obj
[ 20%] Building CXX object libde265/CMakeFiles/de265.dir/bitstream.cc.obj
[ 23%] Building CXX object libde265/CMakeFiles/de265.dir/contextmodel.cc.obj
[ 25%] Building CXX object libde265/CMakeFiles/de265.dir/cabac.cc.obj
[ 27%] Building CXX object libde265/CMakeFiles/de265.dir/de265.cc.obj
[ 30%] Building CXX object libde265/CMakeFiles/de265.dir/deblock.cc.obj
[ 32%] Building CXX object libde265/CMakeFiles/de265.dir/decctx.cc.obj
[ 34%] Building CXX object libde265/CMakeFiles/de265.dir/dpb.cc.obj
[ 37%] Building CXX object libde265/CMakeFiles/de265.dir/fallback-dct.cc.obj
[ 39%] Building CXX object libde265/CMakeFiles/de265.dir/fallback-deblk.cc.obj
[ 41%] Building CXX object libde265/CMakeFiles/de265.dir/fallback-intrapred.cc.obj
[ 44%] Building CXX object libde265/CMakeFiles/de265.dir/fallback-motion.cc.obj
[ 46%] Building CXX object libde265/CMakeFiles/de265.dir/fallback.cc.obj
[ 48%] Building CXX object libde265/CMakeFiles/de265.dir/image-io.cc.obj
[ 51%] Building CXX object libde265/CMakeFiles/de265.dir/image.cc.obj
[ 53%] Building CXX object libde265/CMakeFiles/de265.dir/intrapred.cc.obj
[ 55%] Building CXX object libde265/CMakeFiles/de265.dir/md5.cc.obj
[ 58%] Building CXX object libde265/CMakeFiles/de265.dir/motion.cc.obj
[ 60%] Building CXX object libde265/CMakeFiles/de265.dir/nal-parser.cc.obj
[ 62%] Building CXX object libde265/CMakeFiles/de265.dir/nal.cc.obj
[ 65%] Building CXX object libde265/CMakeFiles/de265.dir/pps.cc.obj
[ 67%] Building CXX object libde265/CMakeFiles/de265.dir/quality.cc.obj
[ 69%] Building CXX object libde265/CMakeFiles/de265.dir/refpic.cc.obj
[ 72%] Building CXX object libde265/CMakeFiles/de265.dir/sao.cc.obj
[ 74%] Building CXX object libde265/CMakeFiles/de265.dir/scan.cc.obj
[ 76%] Building CXX object libde265/CMakeFiles/de265.dir/sei.cc.obj
[ 79%] Building CXX object libde265/CMakeFiles/de265.dir/slice.cc.obj
[ 81%] Building CXX object libde265/CMakeFiles/de265.dir/sps.cc.obj
[ 83%] Building CXX object libde265/CMakeFiles/de265.dir/threads.cc.obj
[ 86%] Building CXX object libde265/CMakeFiles/de265.dir/transform.cc.obj
[ 88%] Building CXX object libde265/CMakeFiles/de265.dir/util.cc.obj
[ 90%] Building CXX object libde265/CMakeFiles/de265.dir/visualize.cc.obj
[ 93%] Building CXX object libde265/CMakeFiles/de265.dir/vps.cc.obj
[ 95%] Building CXX object libde265/CMakeFiles/de265.dir/vui.cc.obj
/tmp/compositor-parent-heic-windows/upstream/libde265-1.1.1/libde265/util.cc:50:12: warning: variable 'disable_logging_OLD' set but not used [-Wunused-but-set-global]
   50 | static int disable_logging_OLD=0;
      |            ^
/tmp/compositor-parent-heic-windows/upstream/libde265-1.1.1/libde265/util.cc:51:12: warning: variable 'verbosity' set but not used [-Wunused-but-set-global]
   51 | static int verbosity = 0;
      |            ^
2 warnings generated.
[ 97%] Building C object libde265/CMakeFiles/de265.dir/__/extra/win32cond.c.obj
[100%] Linking CXX shared library libde265.dll
[100%] Built target de265
